Microchip MPLAB XC8 Compiler V2.05 ()

Linker command line:

-W-3 --edf=C:\Program Files (x86)\Microchip\xc8\v2.05\pic\dat\en_msgs.txt \
  -cs -h+dist/default/production\SQ_03_V1.X.production.sym \
  --cmf=dist/default/production\SQ_03_V1.X.production.cmf -z -Q16LF1559 \
  -oC:\Users\ngodi\AppData\Local\Temp\s7t4.2 --defsym=__MPLAB_BUILD=1 \
  -Mdist/default/production/SQ_03_V1.X.production.map -E1 -ver=XC8 \
  --acfsm=1493 -ASTACK=02110h-021EFh -pstack=STACK -ACODE=00h-07FFhx4 \
  -ASTRCODE=00h-01FFFh -ASTRING=00h-0FFhx32 -ACONST=00h-0FFhx32 \
  -AENTRY=00h-0FFhx32 -ACOMMON=070h-07Fh -ABANK0=020h-06Fh \
  -ABANK1=0A0h-0EFh -ABANK2=0120h-016Fh -ABANK3=01A0h-01EFh \
  -ABANK4=0220h-026Fh -ABANK5=02A0h-02EFh -ABANK6=0320h-032Fh \
  -ABIGRAM=02000h-021EFh \
  -ARAM=020h-06Fh,0A0h-0EFh,0120h-016Fh,01A0h-01EFh,0220h-026Fh,02A0h-02EFh,0320h-032Fh \
  -AABS1=020h-07Fh,0A0h-0EFh,0120h-016Fh,01A0h-01EFh,0220h-026Fh,02A0h-02EFh,0320h-032Fh \
  -ASFR0=00h-01Fh -ASFR1=080h-09Fh -ASFR2=0100h-011Fh -ASFR3=0180h-019Fh \
  -ASFR4=0200h-021Fh -ASFR5=0280h-029Fh -ASFR6=0300h-031Fh \
  -ASFR7=0380h-03EFh -ASFR8=0400h-046Fh -ASFR9=0480h-04EFh \
  -ASFR10=0500h-056Fh -ASFR11=0580h-05EFh -ASFR12=0600h-066Fh \
  -ASFR13=0680h-06EFh -ASFR14=0700h-076Fh -ASFR15=0780h-07EFh \
  -ASFR16=0800h-086Fh -ASFR17=0880h-08EFh -ASFR18=0900h-096Fh \
  -ASFR19=0980h-09EFh -ASFR20=0A00h-0A6Fh -ASFR21=0A80h-0AEFh \
  -ASFR22=0B00h-0B6Fh -ASFR23=0B80h-0BEFh -ASFR24=0C00h-0C6Fh \
  -ASFR25=0C80h-0CEFh -ASFR26=0D00h-0D6Fh -ASFR27=0D80h-0DEFh \
  -ASFR28=0E00h-0E6Fh -ASFR29=0E80h-0EEFh -ASFR30=0F00h-0F6Fh \
  -ASFR31=0F80h-0FEFh -preset_vec=00h,intentry=04h,init,end_init \
  -ppowerup=CODE -pcinit=CODE -pfunctab=ENTRY -ACONFIG=08007h-08008h \
  -pconfig=CONFIG -DCONFIG=2 -AIDLOC=08000h-08003h -pidloc=IDLOC -DIDLOC=2 \
  -DCODE=2 -DSTRCODE=2 -DSTRING=2 -DCONST=2 -DENTRY=2 -k \
  C:\Users\ngodi\AppData\Local\Temp\s7t4.o \
  dist/default/production\SQ_03_V1.X.production.o 

Object code version is 3.11

Machine type is 16LF1559



                Name                               Link     Load   Length Selector   Space Scale
C:\Users\ngodi\AppData\Local\Temp\s7t4.o
                end_init                             23       23        2        8       0
                reset_vec                             0        0        2        0       0
                config                             8007     8007        2    1000E       0
dist/default/production\SQ_03_V1.X.production.o
                cinit                                25       25       48        8       0
                intentry                              4        4       1F        8       0
                text102                            1688     1688       17     2D10       0
                text101                            1476     1476        3     28EC       0
                text100                            1473     1473        1     28E6       0
                text99                             1488     1488        4     2910       0
                text98                              970      970       32     12E0       0
                text97                             1754     1754       1E     2EA8       0
                text95                             148C     148C        4     2918       0
                text94                             1490     1490        4     2920       0
                text93                             1494     1494        4     2928       0
                text92                             1498     1498        4     2930       0
                text91                             149C     149C        4     2938       0
                text90                             14A0     14A0        4     2940       0
                text89                              D75      D75       6D     1AEA       0
                text88                              AB8      AB8       4D     1570       0
                text87                              5F9      5F9       A7        8       0
                text86                             17B5     17B5       25     2F6A       0
                text85                             1479     1479        3     28F2       0
                text84                             14B2     14B2        6     2964       0
                text83                             14B8     14B8        6     2970       0
                text82                              E58      E58       87     1CB0       0
                text81                             15B5     15B5       11     2B6A       0
                text80                             16B6     16B6       18     2D6C       0
                text79                              B05      B05       4D     160A       0
                text78                             153F     153F        E     2A7E       0
                text77                              913      913       2E     1226       0
                text76                              EDF      EDF       8F     1DBE       0
                text75                             15E8     15E8       12     2BD0       0
                text74                              A09      A09       36     1412       0
                text73                             16E6     16E6       1B     2DCC       0
                text72                             1772     1772       20     2EE4       0
                text71                             1474     1474        1     28E8       0
                text70                             17DA     17DA       26     2FB4       0
                text69                              D0F      D0F       66     1A1E       0
                text68                              CAD      CAD       62     195A       0
                text67                              6A0      6A0       A4        8       0
                text66                             1646     1646       16     2C8C       0
                text65                             1577     1577        F     2AEE       0
                text64                              BA2      BA2       55     1744       0
                text63                             1595     1595       10     2B2A       0
                text62                             15A5     15A5       10     2B4A       0
                text61                              8E6      8E6       2D     11CC       0
                text60                             1516     1516        9     2A2C       0
                text59                             1586     1586        F     2B0C       0
                text58                             154D     154D        E     2A9A       0
                text57                             169F     169F       17     2D3E       0
                text56                              F6E      F6E       92     1EDC       0
                text55                             155B     155B        E     2AB6       0
                text54                             15C6     15C6       11     2B8C       0
                text53                             151F     151F        A     2A3E       0
                text52                              4A1      4A1       B0        8       0
                text51                             14A8     14A8        5     2950       0
                text50                             147C     147C        3     28F8       0
                text49                             147F     147F        3     28FE       0
                text48                              2D7      2D7      1CA        8       0
                text47                              DE2      DE2       76     1BC4       0
                text46                             14EE     14EE        8     29DC       0
                text45                             14F6     14F6        8     29EC       0
                text44                              A3F      A3F       38     147E       0
                text43                              C51      C51       5C     18A2       0
                text42                             1475     1475        1     28EA       0
                text41                              86A      86A       28     10D4       0
                text40                             14FE     14FE        8     29FC       0
                text39                              744      744       95        8       0
                text38                             165C     165C       16     2CB8       0
                text37                             1506     1506        8     2A0C       0
                text36                             161E     161E       13     2C3C       0
                text35                              843      843       27     1086       0
                text34                             1672     1672       16     2CE4       0
                text33                             1482     1482        3     2904       0
                text32                                2        2        2        0       0
                text31                             171C     171C       1C     2E38       0
                text30                             14BE     14BE        6     297C       0
                text29                             14C4     14C4        6     2988       0
                text28                             14CA     14CA        6     2994       0
                text27                             14D0     14D0        6     29A0       0
                text26                             14D6     14D6        6     29AC       0
                text25                              A77      A77       41     14EE       0
                text24                              8BB      8BB       2B     1176       0
                text23                             1738     1738       1C     2E70       0
                text22                             15FA     15FA       12     2BF4       0
                text21                             1631     1631       15     2C62       0
                text20                             1569     1569        E     2AD2       0
                text19                             1533     1533        C     2A66       0
                text18                             14DC     14DC        6     29B8       0
                text17                              800      800       1D        8       0
                text16                             150E     150E        8     2A1C       0
                text15                             14A4     14A4        4     2948       0
                text14                             160C     160C       12     2C18       0
                text13                              9A2      9A2       32     1344       0
                text12                             1792     1792       23     2F24       0
                text11                             14AD     14AD        5     295A       0
                text10                              9D4      9D4       35     13A8       0
                text9                               81D      81D       26     103A       0
                text8                              16CE     16CE       18     2D9C       0
                text7                               B52      B52       50     16A4       0
                text6                               892      892       29     1124       0
                text5                               551      551       A8        8       0
                text4                               941      941       2F     1282       0
                text3                              15D7     15D7       11     2BAE       0
                text2                               7D9      7D9       27        8       0
                text1                               BF7      BF7       5A     17EE       0
                maintext                             6D       6D      26A        8       0
                cstackBANK0                          20       20       33       20       1
                cstackCOMMON                         70       70        C       70       1
                cstackBANK1                          D9       D9        2       A0       1
                clrtext                            14E2     14E2        6     29C4       0
                inittext                           14E8     14E8        6     29D0       0
                bssBANK3                            1A0      1A0       20      1A0       1
                dataBANK2                           150      150       1B      120       1
                bssBANK2                            120      120       30      120       1
                dataBANK1                            CF       CF        A       A0       1
                bssBANK1                             A0       A0       24       A0       1
                dataBANK0                            6C       6C        3       20       1
                bssBANK0                             53       53       19       20       1
                bssCOMMON                            7C       7C        1       70       1
                stringtext14                       1840     1840        3     3000       0
                stringtext13                       1837     1837        5     3000       0
                stringtext12                       1832     1832        5     3000       0
                stringtext11                       182D     182D        5     3000       0
                stringtext10                       1828     1828        5     3000       0
                stringtext9                        1823     1823        5     3000       0
                stringtext8                        181E     181E        5     3000       0
                stringtext7                        1819     1819        5     3000       0
                stringtext6                        1814     1814        5     3000       0
                stringtext5                        1809     1809        6     3000       0
                stringtext4                        1800     1800        9     3000       0
                nvBANK1                              C4       C4        B       A0       1
                stringtext3                        1000     1000       30     2000       0
                stringtext2                        183C     183C        4     3000       0
                stringtext1                        180F     180F        5     3000       0
                idataBANK2                         1701     1701       1B     2E02       0
                idataBANK1                         1529     1529        A     2A52       0
                idataBANK0                         1485     1485        3     290A       0

TOTAL           Name                               Link     Load   Length     Space
        CLASS   STACK          

        CLASS   CODE           
                end_init                             23       23        2         0
                cinit                                25       25       48         0
                intentry                              4        4       1F         0
                reset_vec                             0        0        2         0
                text102                            1688     1688       17         0
                text101                            1476     1476        3         0
                text100                            1473     1473        1         0
                text99                             1488     1488        4         0
                text98                              970      970       32         0
                text97                             1754     1754       1E         0
                text95                             148C     148C        4         0
                text94                             1490     1490        4         0
                text93                             1494     1494        4         0
                text92                             1498     1498        4         0
                text91                             149C     149C        4         0
                text90                             14A0     14A0        4         0
                text89                              D75      D75       6D         0
                text88                              AB8      AB8       4D         0
                text87                              5F9      5F9       A7         0
                text86                             17B5     17B5       25         0
                text85                             1479     1479        3         0
                text84                             14B2     14B2        6         0
                text83                             14B8     14B8        6         0
                text82                              E58      E58       87         0
                text81                             15B5     15B5       11         0
                text80                             16B6     16B6       18         0
                text79                              B05      B05       4D         0
                text78                             153F     153F        E         0
                text77                              913      913       2E         0
                text76                              EDF      EDF       8F         0
                text75                             15E8     15E8       12         0
                text74                              A09      A09       36         0
                text73                             16E6     16E6       1B         0
                text72                             1772     1772       20         0
                text71                             1474     1474        1         0
                text70                             17DA     17DA       26         0
                text69                              D0F      D0F       66         0
                text68                              CAD      CAD       62         0
                text67                              6A0      6A0       A4         0
                text66                             1646     1646       16         0
                text65                             1577     1577        F         0
                text64                              BA2      BA2       55         0
                text63                             1595     1595       10         0
                text62                             15A5     15A5       10         0
                text61                              8E6      8E6       2D         0
                text60                             1516     1516        9         0
                text59                             1586     1586        F         0
                text58                             154D     154D        E         0
                text57                             169F     169F       17         0
                text56                              F6E      F6E       92         0
                text55                             155B     155B        E         0
                text54                             15C6     15C6       11         0
                text53                             151F     151F        A         0
                text52                              4A1      4A1       B0         0
                text51                             14A8     14A8        5         0
                text50                             147C     147C        3         0
                text49                             147F     147F        3         0
                text48                              2D7      2D7      1CA         0
                text47                              DE2      DE2       76         0
                text46                             14EE     14EE        8         0
                text45                             14F6     14F6        8         0
                text44                              A3F      A3F       38         0
                text43                              C51      C51       5C         0
                text42                             1475     1475        1         0
                text41                              86A      86A       28         0
                text40                             14FE     14FE        8         0
                text39                              744      744       95         0
                text38                             165C     165C       16         0
                text37                             1506     1506        8         0
                text36                             161E     161E       13         0
                text35                              843      843       27         0
                text34                             1672     1672       16         0
                text33                             1482     1482        3         0
                text32                                2        2        2         0
                text31                             171C     171C       1C         0
                text30                             14BE     14BE        6         0
                text29                             14C4     14C4        6         0
                text28                             14CA     14CA        6         0
                text27                             14D0     14D0        6         0
                text26                             14D6     14D6        6         0
                text25                              A77      A77       41         0
                text24                              8BB      8BB       2B         0
                text23                             1738     1738       1C         0
                text22                             15FA     15FA       12         0
                text21                             1631     1631       15         0
                text20                             1569     1569        E         0
                text19                             1533     1533        C         0
                text18                             14DC     14DC        6         0
                text17                              800      800       1D         0
                text16                             150E     150E        8         0
                text15                             14A4     14A4        4         0
                text14                             160C     160C       12         0
                text13                              9A2      9A2       32         0
                text12                             1792     1792       23         0
                text11                             14AD     14AD        5         0
                text10                              9D4      9D4       35         0
                text9                               81D      81D       26         0
                text8                              16CE     16CE       18         0
                text7                               B52      B52       50         0
                text6                               892      892       29         0
                text5                               551      551       A8         0
                text4                               941      941       2F         0
                text3                              15D7     15D7       11         0
                text2                               7D9      7D9       27         0
                text1                               BF7      BF7       5A         0
                maintext                             6D       6D      26A         0
                clrtext                            14E2     14E2        6         0
                inittext                           14E8     14E8        6         0
                idataBANK2                         1701     1701       1B         0
                idataBANK1                         1529     1529        A         0
                idataBANK0                         1485     1485        3         0

        CLASS   STRCODE        
                stringtext14                       1840     1840        3         0
                stringtext13                       1837     1837        5         0
                stringtext12                       1832     1832        5         0
                stringtext11                       182D     182D        5         0
                stringtext10                       1828     1828        5         0
                stringtext9                        1823     1823        5         0
                stringtext8                        181E     181E        5         0
                stringtext7                        1819     1819        5         0
                stringtext6                        1814     1814        5         0
                stringtext5                        1809     1809        6         0
                stringtext4                        1800     1800        9         0
                stringtext3                        1000     1000       30         0
                stringtext2                        183C     183C        4         0
                stringtext1                        180F     180F        5         0

        CLASS   STRING         

        CLASS   CONST          

        CLASS   ENTRY          

        CLASS   COMMON         
                cstackCOMMON                         70       70        C         1
                bssCOMMON                            7C       7C        1         1

        CLASS   BANK0          
                cstackBANK0                          20       20       33         1
                dataBANK0                            6C       6C        3         1
                bssBANK0                             53       53       19         1

        CLASS   BANK1          
                cstackBANK1                          D9       D9        2         1
                dataBANK1                            CF       CF        A         1
                bssBANK1                             A0       A0       24         1
                nvBANK1                              C4       C4        B         1

        CLASS   BANK2          
                dataBANK2                           150      150       1B         1
                bssBANK2                            120      120       30         1

        CLASS   BANK3          
                bssBANK3                            1A0      1A0       20         1

        CLASS   BANK4          

        CLASS   BANK5          

        CLASS   BANK6          

        CLASS   BIGRAM         

        CLASS   RAM            

        CLASS   ABS1           
                abs_s1                               7E       7E        2         1

        CLASS   SFR0           

        CLASS   SFR1           

        CLASS   SFR2           

        CLASS   SFR3           

        CLASS   SFR4           

        CLASS   SFR5           

        CLASS   SFR6           

        CLASS   SFR7           

        CLASS   SFR8           

        CLASS   SFR9           

        CLASS   SFR10          

        CLASS   SFR11          

        CLASS   SFR12          

        CLASS   SFR13          

        CLASS   SFR14          

        CLASS   SFR15          

        CLASS   SFR16          

        CLASS   SFR17          

        CLASS   SFR18          

        CLASS   SFR19          

        CLASS   SFR20          

        CLASS   SFR21          

        CLASS   SFR22          

        CLASS   SFR23          

        CLASS   SFR24          

        CLASS   SFR25          

        CLASS   SFR26          

        CLASS   SFR27          

        CLASS   SFR28          

        CLASS   SFR29          

        CLASS   SFR30          

        CLASS   SFR31          

        CLASS   CONFIG         
                config                             8007     8007        2         0

        CLASS   IDLOC          

        CLASS   BANK31         

        CLASS   BANK30         

        CLASS   BANK29         

        CLASS   BANK28         

        CLASS   BANK27         

        CLASS   BANK26         

        CLASS   BANK25         

        CLASS   BANK24         

        CLASS   BANK23         

        CLASS   BANK22         

        CLASS   BANK21         

        CLASS   BANK20         

        CLASS   BANK19         

        CLASS   BANK18         

        CLASS   BANK17         

        CLASS   BANK16         

        CLASS   BANK15         

        CLASS   BANK14         

        CLASS   BANK13         

        CLASS   BANK12         

        CLASS   BANK11         

        CLASS   BANK10         

        CLASS   BANK9          

        CLASS   BANK8          

        CLASS   BANK7          

        CLASS   EEDATA         



SEGMENTS        Name                           Load    Length   Top    Selector   Space  Class     Delta

                reset_vec                      000000  000004  000004         0       0  CODE        2
                intentry                       000004  000819  00081D         8       0  CODE        2
                cstackBANK0                    000020  00004F  00006F        20       1  BANK0       1
                cstackCOMMON                   000070  00000D  00007D        70       1  COMMON      1
                bssBANK1                       0000A0  00003B  0000DB        A0       1  BANK1       1
                bssBANK2                       000120  00004B  00016B       120       1  BANK2       1
                bssBANK3                       0001A0  000020  0001C0       1A0       1  BANK3       1
                text9                          00081D  000026  000843      103A       0  CODE        2
                text35                         000843  000027  00086A      1086       0  CODE        2
                text41                         00086A  000028  000892      10D4       0  CODE        2
                text6                          000892  000029  0008BB      1124       0  CODE        2
                text24                         0008BB  00002B  0008E6      1176       0  CODE        2
                text61                         0008E6  00002D  000913      11CC       0  CODE        2
                text77                         000913  00002E  000941      1226       0  CODE        2
                text4                          000941  00002F  000970      1282       0  CODE        2
                text98                         000970  000032  0009A2      12E0       0  CODE        2
                text13                         0009A2  000032  0009D4      1344       0  CODE        2
                text10                         0009D4  000035  000A09      13A8       0  CODE        2
                text74                         000A09  000036  000A3F      1412       0  CODE        2
                text44                         000A3F  000038  000A77      147E       0  CODE        2
                text25                         000A77  000041  000AB8      14EE       0  CODE        2
                text88                         000AB8  00004D  000B05      1570       0  CODE        2
                text79                         000B05  00004D  000B52      160A       0  CODE        2
                text7                          000B52  000050  000BA2      16A4       0  CODE        2
                text64                         000BA2  000055  000BF7      1744       0  CODE        2
                text1                          000BF7  00005A  000C51      17EE       0  CODE        2
                text43                         000C51  00005C  000CAD      18A2       0  CODE        2
                text68                         000CAD  000062  000D0F      195A       0  CODE        2
                text69                         000D0F  000066  000D75      1A1E       0  CODE        2
                text89                         000D75  00006D  000DE2      1AEA       0  CODE        2
                text47                         000DE2  000076  000E58      1BC4       0  CODE        2
                text82                         000E58  000087  000EDF      1CB0       0  CODE        2
                text76                         000EDF  00008F  000F6E      1DBE       0  CODE        2
                text56                         000F6E  000092  001000      1EDC       0  CODE        2
                stringtext3                    001000  000030  001030      2000       0  STRCODE     2
                text100                        001473  000001  001474      28E6       0  CODE        2
                text71                         001474  000001  001475      28E8       0  CODE        2
                text42                         001475  000001  001476      28EA       0  CODE        2
                text101                        001476  000003  001479      28EC       0  CODE        2
                text85                         001479  000003  00147C      28F2       0  CODE        2
                text50                         00147C  000003  00147F      28F8       0  CODE        2
                text49                         00147F  000003  001482      28FE       0  CODE        2
                text33                         001482  000003  001485      2904       0  CODE        2
                idataBANK0                     001485  000003  001488      290A       0  CODE        2
                text99                         001488  000004  00148C      2910       0  CODE        2
                text95                         00148C  000004  001490      2918       0  CODE        2
                text94                         001490  000004  001494      2920       0  CODE        2
                text93                         001494  000004  001498      2928       0  CODE        2
                text92                         001498  000004  00149C      2930       0  CODE        2
                text91                         00149C  000004  0014A0      2938       0  CODE        2
                text90                         0014A0  000004  0014A4      2940       0  CODE        2
                text15                         0014A4  000004  0014A8      2948       0  CODE        2
                text51                         0014A8  000005  0014AD      2950       0  CODE        2
                text11                         0014AD  000005  0014B2      295A       0  CODE        2
                text84                         0014B2  000006  0014B8      2964       0  CODE        2
                text83                         0014B8  000006  0014BE      2970       0  CODE        2
                text30                         0014BE  000006  0014C4      297C       0  CODE        2
                text29                         0014C4  000006  0014CA      2988       0  CODE        2
                text28                         0014CA  000006  0014D0      2994       0  CODE        2
                text27                         0014D0  000006  0014D6      29A0       0  CODE        2
                text26                         0014D6  000006  0014DC      29AC       0  CODE        2
                text18                         0014DC  000006  0014E2      29B8       0  CODE        2
                clrtext                        0014E2  000006  0014E8      29C4       0  CODE        2
                inittext                       0014E8  000006  0014EE      29D0       0  CODE        2
                text46                         0014EE  000008  0014F6      29DC       0  CODE        2
                text45                         0014F6  000008  0014FE      29EC       0  CODE        2
                text40                         0014FE  000008  001506      29FC       0  CODE        2
                text37                         001506  000008  00150E      2A0C       0  CODE        2
                text16                         00150E  000008  001516      2A1C       0  CODE        2
                text60                         001516  000009  00151F      2A2C       0  CODE        2
                text53                         00151F  00000A  001529      2A3E       0  CODE        2
                idataBANK1                     001529  00000A  001533      2A52       0  CODE        2
                text19                         001533  00000C  00153F      2A66       0  CODE        2
                text78                         00153F  00000E  00154D      2A7E       0  CODE        2
                text58                         00154D  00000E  00155B      2A9A       0  CODE        2
                text55                         00155B  00000E  001569      2AB6       0  CODE        2
                text20                         001569  00000E  001577      2AD2       0  CODE        2
                text65                         001577  00000F  001586      2AEE       0  CODE        2
                text59                         001586  00000F  001595      2B0C       0  CODE        2
                text63                         001595  000010  0015A5      2B2A       0  CODE        2
                text62                         0015A5  000010  0015B5      2B4A       0  CODE        2
                text81                         0015B5  000011  0015C6      2B6A       0  CODE        2
                text54                         0015C6  000011  0015D7      2B8C       0  CODE        2
                text3                          0015D7  000011  0015E8      2BAE       0  CODE        2
                text75                         0015E8  000012  0015FA      2BD0       0  CODE        2
                text22                         0015FA  000012  00160C      2BF4       0  CODE        2
                text14                         00160C  000012  00161E      2C18       0  CODE        2
                text36                         00161E  000013  001631      2C3C       0  CODE        2
                text21                         001631  000015  001646      2C62       0  CODE        2
                text66                         001646  000016  00165C      2C8C       0  CODE        2
                text38                         00165C  000016  001672      2CB8       0  CODE        2
                text34                         001672  000016  001688      2CE4       0  CODE        2
                text102                        001688  000017  00169F      2D10       0  CODE        2
                text57                         00169F  000017  0016B6      2D3E       0  CODE        2
                text80                         0016B6  000018  0016CE      2D6C       0  CODE        2
                text8                          0016CE  000018  0016E6      2D9C       0  CODE        2
                text73                         0016E6  00001B  001701      2DCC       0  CODE        2
                idataBANK2                     001701  00001B  00171C      2E02       0  CODE        2
                text31                         00171C  00001C  001738      2E38       0  CODE        2
                text23                         001738  00001C  001754      2E70       0  CODE        2
                text97                         001754  00001E  001772      2EA8       0  CODE        2
                text72                         001772  000020  001792      2EE4       0  CODE        2
                text12                         001792  000023  0017B5      2F24       0  CODE        2
                text86                         0017B5  000025  0017DA      2F6A       0  CODE        2
                text70                         0017DA  000026  001800      2FB4       0  CODE        2
                stringtext4                    001800  000043  001843      3000       0  STRCODE     2
                config                         008007  000002  008009     1000E       0  CONFIG      2


UNUSED ADDRESS RANGES

        Name                Unused          Largest block    Delta
        BANK0            0006F-0006F               1           1
        BANK1            000DB-000EF              15           1
        BANK2            0016B-0016F               5           1
        BANK3            001C0-001EF              30           1
        BANK4            00220-0026F              50           1
        BANK5            002A0-002EF              50           1
        BANK6            00320-0032F              10           1
        BIGRAM           02000-021EF             1F0           1
        CODE             01030-01472             443           2
                         01843-01FFF             7BD
        COMMON           0007D-0007D               1           1
        CONST            01030-01472             100           2
                         01843-01FFF             100
        ENTRY            01030-01472             100           2
                         01843-01FFF             100
        IDLOC            08000-08003               4           2
        RAM              0006F-0006F               1           1
                         000DB-000EF              15
                         0016B-0016F               5
                         001C0-001EF              30
                         00220-0026F              50
                         002A0-002EF              50
                         00320-0032F              10
        SFR0             00000-0001F              20           1
        SFR1             00080-0009F              20           1
        SFR10            00500-0056F              70           1
        SFR11            00580-005EF              70           1
        SFR12            00600-0066F              70           1
        SFR13            00680-006EF              70           1
        SFR14            00700-0076F              70           1
        SFR15            00780-007EF              70           1
        SFR16            00800-0086F              70           1
        SFR17            00880-008EF              70           1
        SFR18            00900-0096F              70           1
        SFR19            00980-009EF              70           1
        SFR2             00100-0011F              20           1
        SFR20            00A00-00A6F              70           1
        SFR21            00A80-00AEF              70           1
        SFR22            00B00-00B6F              70           1
        SFR23            00B80-00BEF              70           1
        SFR24            00C00-00C6F              70           1
        SFR25            00C80-00CEF              70           1
        SFR26            00D00-00D6F              70           1
        SFR27            00D80-00DEF              70           1
        SFR28            00E00-00E6F              70           1
        SFR29            00E80-00EEF              70           1
        SFR3             00180-0019F              20           1
        SFR30            00F00-00F6F              70           1
        SFR31            00F80-00FEF              70           1
        SFR4             00200-0021F              20           1
        SFR5             00280-0029F              20           1
        SFR6             00300-0031F              20           1
        SFR7             00380-003EF              70           1
        SFR8             00400-0046F              70           1
        SFR9             00480-004EF              70           1
        STACK            02110-021EF              E0           1
        STRCODE          01030-01472             443           2
                         01843-01FFF             7BD
        STRING           01030-01472             100           2
                         01843-01FFF             100

                                  Symbol Table

?_MTOUCH_Sensor_RawSample_Get                         cstackCOMMON 00075
?_abs                                                 cstackCOMMON 00071
?_ctoa                                                cstackBANK0  00031
?_pad                                                 cstackBANK0  00028
?_printf                                              cstackBANK0  00048
?_strlen                                              cstackCOMMON 00071
?_vfpfcnvrt                                           cstackBANK0  00037
?_vfprintf                                            cstackBANK0  00040
Button_Baseline_Initialize@button                     cstackCOMMON 00079
Button_Baseline_Update@button                         cstackCOMMON 00077
Button_Deviation_Update@button                        cstackBANK0  00020
Button_Deviation_Update@deviation                     cstackBANK0  00021
Button_Reading_Update@button                          cstackBANK0  00020
Button_Reading_Update_Helper@button                   cstackCOMMON 0007B
Button_Service@button                                 cstackBANK0  0002C
Button_Service@name                                   cstackBANK0  0002B
Button_State_Initializing@button                      cstackBANK0  00024
Button_State_NotPressed@button                        cstackBANK0  00024
Button_State_Pressed@button                           cstackBANK0  00024
Button_Tick_helper@button                             cstackCOMMON 00073
DATA_PROCESS@x                                        cstackCOMMON 00076
EUSART_Read@readValue                                 cstackCOMMON 00072
EUSART_SetErrorHandler@interruptHandler               cstackCOMMON 00071
EUSART_SetFramingErrorHandler@interruptHandler        cstackCOMMON 00071
EUSART_SetOverrunErrorHandler@interruptHandler        cstackCOMMON 00071
EUSART_SetRxInterruptHandler@interruptHandler         cstackCOMMON 00071
EUSART_SetTxInterruptHandler@interruptHandler         cstackCOMMON 00071
EUSART_Write@txData                                   cstackCOMMON 00072
LED_PROCESS@x                                         cstackCOMMON 00073
MTOUCH_Button_Initialize@button                       cstackCOMMON 0007A
MTOUCH_Button_Initialize@name                         cstackCOMMON 00079
MTOUCH_Button_InitializeAll@button                    cstackBANK0  00020
MTOUCH_Button_ServiceAll@button                       cstackBANK0  0002E
MTOUCH_Button_SetNotPressedCallback@callback          cstackCOMMON 00071
MTOUCH_Button_SetPressedCallback@callback             cstackCOMMON 00071
MTOUCH_Button_Tick@i                                  cstackCOMMON 00075
MTOUCH_Button_isPressed@name                          cstackCOMMON 00072
MTOUCH_Sensor_Calibrate@sensor                        cstackCOMMON 00076
MTOUCH_Sensor_Enable@sensor                           cstackCOMMON 00076
MTOUCH_Sensor_Initialize@sensor                       cstackCOMMON 00078
MTOUCH_Sensor_InitializeAll@sensor                    cstackCOMMON 0007A
MTOUCH_Sensor_RawSample_Get@name                      cstackCOMMON 00078
MTOUCH_Sensor_SampleAll@group                         cstackBANK0  00047
MTOUCH_Sensor_Sampled_ResetAll@sensor                 cstackCOMMON 00073
MTOUCH_Sensor_isCalibrated@sensor                     cstackCOMMON 00076
MTOUCH_Sensor_wasSampled@sensor                       cstackCOMMON 00076
RELAY_PROCESS@x                                       cstackCOMMON 00073
Sensor_Acq_ExecutePacket@AD1CON2_temp                 cstackBANK0  00022
Sensor_Acq_ExecutePacket@AD2CON2_temp                 cstackBANK0  00023
Sensor_Acq_ExecutePacket@ADCOMCON_temp                cstackBANK0  00021
Sensor_Acq_ExecutePacket@ADxIF_flag                   cstackBANK0  00026
Sensor_Acq_ExecutePacket@activeSensor                 cstackBANK0  00027
Sensor_Acq_ExecutePacket@last_a                       cstackBANK0  00028
Sensor_Acq_ExecutePacket@last_b                       cstackBANK0  0002A
Sensor_Acq_ExecutePacket@packet_counter               cstackBANK0  0002C
Sensor_Acq_ExecutePacket@sensor1ForceEnabled          cstackBANK0  00024
Sensor_Acq_ExecutePacket@sensor2ForceEnabled          cstackBANK0  00025
Sensor_Acq_ExecutePacket@sensor_adc1                  cstackBANK0  0002D
Sensor_Acq_ExecutePacket@sensor_adc2                  cstackCOMMON 0007B
Sensor_Acquisition@retry                              cstackBANK0  0003D
Sensor_Acquisition@sensor_adc1                        cstackBANK0  0003E
Sensor_Acquisition@sensor_adc2                        cstackBANK0  0003B
Sensor_DefaultCallback@sensor                         cstackCOMMON 00071
Sensor_RawSample_Update@adcIndex                      cstackCOMMON 00076
Sensor_RawSample_Update@sensor                        cstackCOMMON 00077
Sensor_Sampled_Reset@sensor                           cstackCOMMON 00071
Sensor_Scanfrequency_Evaluation@best_packet_sample    cstackBANK0  00036
Sensor_Scanfrequency_Evaluation@best_sample_period    cstackBANK0  00034
Sensor_Scanfrequency_Evaluation@frequency_hop         stringtext1  0180F
Sensor_Scanfrequency_Evaluation@i                     cstackBANK0  0003A
Sensor_Scanfrequency_Evaluation@packet_noise_Max      cstackBANK0  00032
Sensor_Scanfrequency_Evaluation@retry                 cstackBANK0  00035
Sensor_Scanfrequency_Evaluation@sensor_adc1           cstackBANK0  00031
Sensor_Scanfrequency_Evaluation@sensor_adc2           cstackBANK0  0002E
Sensor_Service@error                                  cstackBANK0  00043
Sensor_Service@scanGroup                              cstackBANK0  00042
Sensor_Service@sensor_adc1                            cstackBANK0  00044
Sensor_Service@sensor_adc2                            cstackBANK0  00045
Sensor_autoCalibration@adcIndex                       cstackCOMMON 00079
Sensor_autoCalibration@sensor                         cstackCOMMON 0007A
Sensor_getScanGroupIndex@sensor                       cstackCOMMON 00073
Sensor_getScanGroupIndex@sensorGroup                  cstackCOMMON 00074
Sensor_isActive@sensor                                cstackCOMMON 00071
Sensor_isCalibrated@sensor                            cstackCOMMON 00071
Sensor_isCalibratingAcqTime@sensor                    cstackCOMMON 00071
Sensor_isEnabled@sensor                               cstackCOMMON 00072
Sensor_loadADCSettings@adc_index                      cstackCOMMON 00072
Sensor_loadADCSettings@addressOffset                  cstackCOMMON 00078
Sensor_loadADCSettings@sensor                         cstackCOMMON 00079
Sensor_postAcquisitionProcess@adcIndex                cstackCOMMON 00078
Sensor_postAcquisitionProcess@deviation               cstackCOMMON 00076
Sensor_postAcquisitionProcess@sensor                  cstackCOMMON 00079
Sensor_setActive@sensor                               cstackCOMMON 00071
Sensor_setCalibratAcqTime@sensor                      cstackCOMMON 00071
Sensor_setCalibrated@sensor                           cstackCOMMON 00071
Sensor_setInactive@sensor                             cstackCOMMON 00071
Sensor_setSampled@sensor                              cstackCOMMON 00071
TMR2_LoadPeriodRegister@periodVal                     cstackCOMMON 00071
_AAD1CAP                                              (abs)        00719
_AAD1CON2                                             (abs)        00713
_AAD1CON3                                             (abs)        00714
_AAD1GRD                                              (abs)        00718
_AAD1RES0                                             (abs)        0071A
_AAD2CON3                                             (abs)        00794
_AAD2GRD                                              (abs)        00798
_AAD2RES0                                             (abs)        0079A
_AD1ACQCON                                            (abs)        00717
_AD1CON0                                              (abs)        00711
_AD1CON0bits                                          (abs)        00711
_AD1CON2                                              (abs)        00713
_AD1CON3                                              (abs)        00714
_AD1PRECON                                            (abs)        00716
_AD2ACQCON                                            (abs)        00797
_AD2CON0                                              (abs)        00791
_AD2CON0bits                                          (abs)        00791
_AD2CON2                                              (abs)        00793
_AD2CON3                                              (abs)        00794
_AD2PRECON                                            (abs)        00796
_ADCOMCON                                             (abs)        00712
_ANSELA                                               (abs)        0018C
_ANSELB                                               (abs)        0018D
_ANSELC                                               (abs)        0018E
_APFCON                                               (abs)        0011D
_APFCONbits                                           (abs)        0011D
_BAUDCON                                              (abs)        0019F
_BORCON                                               (abs)        00116
_Button_Baseline_Initialize                           text77       00913
_Button_Baseline_Update                               text76       00EDF
_Button_DefaultCallback                               text71       01474
_Button_Deviation_Update                              text82       00E58
_Button_Reading_Update                                text78       0153F
_Button_Reading_Update_Helper                         text79       00B05
_Button_Service                                       text64       00BA2
_Button_StateMachine                                  dataBANK1    000CF
_Button_State_Initializing                            text68       00CAD
_Button_State_NotPressed                              text67       006A0
_Button_State_Pressed                                 text69       00D0F
_Button_Tick_helper                                   text35       00843
_DATA_PROCESS                                         text87       005F9
_EUSART_DefaultErrorHandler                           text101      01476
_EUSART_DefaultFramingErrorHandler                    text100      01473
_EUSART_DefaultOverrunErrorHandler                    text99       01488
_EUSART_ErrorHandler                                  nvBANK1      000C4
_EUSART_FramingErrorHandler                           nvBANK1      000C8
_EUSART_Initialize                                    text25       00A77
_EUSART_OverrunErrorHandler                           nvBANK1      000C6
_EUSART_Read                                          text86       017B5
_EUSART_Receive_ISR                                   text98       00970
_EUSART_RxDataHandler                                 text102      01688
_EUSART_RxDefaultInterruptHandler                     nvBANK1      000CA
_EUSART_SetErrorHandler                               text30       014BE
_EUSART_SetFramingErrorHandler                        text29       014C4
_EUSART_SetOverrunErrorHandler                        text28       014CA
_EUSART_SetRxInterruptHandler                         text27       014D0
_EUSART_SetTxInterruptHandler                         text26       014D6
_EUSART_Transmit_ISR                                  text97       01754
_EUSART_TxDefaultInterruptHandler                     nvBANK1      000CC
_EUSART_Write                                         text12       01792
_EUSART_is_rx_ready                                   text85       01479
_GIE                                                  (abs)        0005F
_INTCONbits                                           (abs)        0000B
_INTERRUPT_InterruptManager                           intentry     00004
_LATA                                                 (abs)        0010C
_LATAbits                                             (abs)        0010C
_LATB                                                 (abs)        0010D
_LATBbits                                             (abs)        0010D
_LATC                                                 (abs)        0010E
_LATCbits                                             (abs)        0010E
_LED_0_SetHigh                                        text95       0148C
_LED_0_SetLow                                         text94       01490
_LED_1_SetHigh                                        text93       01494
_LED_1_SetLow                                         text92       01498
_LED_2_SetHigh                                        text91       0149C
_LED_2_SetLow                                         text90       014A0
_LED_PROCESS                                          text89       00D75
_MTOUCH_Button_Initialize                             text74       00A09
_MTOUCH_Button_InitializeAll                          text23       01738
_MTOUCH_Button_ServiceAll                             text63       01595
_MTOUCH_Button_SetNotPressedCallback                  text84       014B2
_MTOUCH_Button_SetPressedCallback                     text83       014B8
_MTOUCH_Button_Tick                                   text34       01672
_MTOUCH_Button_isPressed                              text73       016E6
_MTOUCH_Initialize                                    text19       01533
_MTOUCH_Sensor_Calibrate                              text75       015E8
_MTOUCH_Sensor_Enable                                 text22       015FA
_MTOUCH_Sensor_Initialize                             text21       01631
_MTOUCH_Sensor_InitializeAll                          text20       01569
_MTOUCH_Sensor_RawSample_Get                          text80       016B6
_MTOUCH_Sensor_SampleAll                              text38       0165C
_MTOUCH_Sensor_Sampled_ResetAll                       text36       0161E
_MTOUCH_Sensor_Scan_Initialize                        text62       015A5
_MTOUCH_Sensor_isCalibrated                           text66       01646
_MTOUCH_Sensor_wasSampled                             text65       01577
_MTOUCH_Service_Mainloop                              text31       0171C
_MTOUCH_Tick                                          text33       01482
_MTOUCH_needReburst                                   text32       00002
_OPTION_REGbits                                       (abs)        00095
_OSCCON                                               (abs)        00099
_OSCILLATOR_Initialize                                text18       014DC
_PIE1bits                                             (abs)        00091
_PIN_MANAGER_Initialize                               text17       00800
_PIR1bits                                             (abs)        00011
_PIR2bits                                             (abs)        00012
_PR2                                                  (abs)        0001B
_RCREG                                                (abs)        00199
_RCSTA                                                (abs)        0019D
_RCSTAbits                                            (abs)        0019D
_RELAY_PROCESS                                        text88       00AB8
_SPBRGH                                               (abs)        0019C
_SPBRGL                                               (abs)        0019B
_SYSTEM_Initialize                                    text14       0160C
_Sensor_Acq_ExecutePacket                             text48       002D7
_Sensor_Acquisition                                   text43       00C51
_Sensor_DefaultCallback                               text42       01475
_Sensor_RawSample_Update                              text41       0086A
_Sensor_Sampled_Reset                                 text37       01506
_Sensor_Scanfrequency_Evaluation                      text47       00DE2
_Sensor_Service                                       text39       00744
_Sensor_autoCalibration                               text56       00F6E
_Sensor_getScanGroupIndex                             text61       008E6
_Sensor_isActive                                      text55       0155B
_Sensor_isCalibrated                                  text53       0151F
_Sensor_isCalibratingAcqTime                          text60       01516
_Sensor_isEnabled                                     text54       015C6
_Sensor_loadADCSettings                               text52       004A1
_Sensor_loadADCSettings$562                           cstackCOMMON 00076
_Sensor_postAcquisitionProcess                        text44       00A3F
_Sensor_setActive                                     text46       014EE
_Sensor_setCalibratAcqTime                            text59       01586
_Sensor_setCalibrated                                 text58       0154D
_Sensor_setInactive                                   text45       014F6
_Sensor_setSampled                                    text40       014FE
_T2CON                                                (abs)        0001C
_T2CONbits                                            (abs)        0001C
_TMR2                                                 (abs)        0001A
_TMR2_Initialize                                      text16       0150E
_TMR2_LoadPeriodRegister                              text51       014A8
_TMR2_StartTimer                                      text50       0147C
_TMR2_StopTimer                                       text49       0147F
_TRISA                                                (abs)        0008C
_TRISB                                                (abs)        0008D
_TRISC                                                (abs)        0008E
_TXREG                                                (abs)        0019A
_TXSTA                                                (abs)        0019E
_TXSTAbits                                            (abs)        0019E
_WDTCON                                               (abs)        00097
_WDT_Initialize                                       text15       014A4
_WPUA                                                 (abs)        0020C
_WPUB                                                 (abs)        0020D
__CFG_BOREN$NSLEEP                                    (abs)        00000
__CFG_BORV$LO                                         (abs)        00000
__CFG_CLKOUTEN$OFF                                    (abs)        00000
__CFG_CP$OFF                                          (abs)        00000
__CFG_FOSC$INTOSC                                     (abs)        00000
__CFG_LPBOR$ON                                        (abs)        00000
__CFG_LVP$ON                                          (abs)        00000
__CFG_MCLRE$ON                                        (abs)        00000
__CFG_PWRTE$OFF                                       (abs)        00000
__CFG_STVREN$ON                                       (abs)        00000
__CFG_WDTE$OFF                                        (abs)        00000
__CFG_WRT$OFF                                         (abs)        00000
__Habs1                                               abs1         00000
__Hbank0                                              bank0        00000
__Hbank1                                              bank1        00000
__Hbank10                                             bank10       00000
__Hbank11                                             bank11       00000
__Hbank12                                             bank12       00000
__Hbank13                                             bank13       00000
__Hbank14                                             bank14       00000
__Hbank15                                             bank15       00000
__Hbank16                                             bank16       00000
__Hbank17                                             bank17       00000
__Hbank18                                             bank18       00000
__Hbank19                                             bank19       00000
__Hbank2                                              bank2        00000
__Hbank20                                             bank20       00000
__Hbank21                                             bank21       00000
__Hbank22                                             bank22       00000
__Hbank23                                             bank23       00000
__Hbank24                                             bank24       00000
__Hbank25                                             bank25       00000
__Hbank26                                             bank26       00000
__Hbank27                                             bank27       00000
__Hbank28                                             bank28       00000
__Hbank29                                             bank29       00000
__Hbank3                                              bank3        00000
__Hbank30                                             bank30       00000
__Hbank31                                             bank31       00000
__Hbank4                                              bank4        00000
__Hbank5                                              bank5        00000
__Hbank6                                              bank6        00000
__Hbank7                                              bank7        00000
__Hbank8                                              bank8        00000
__Hbank9                                              bank9        00000
__Hbigram                                             bigram       00000
__HbssBANK0                                           bssBANK0     00000
__HbssBANK1                                           bssBANK1     00000
__HbssBANK2                                           bssBANK2     00000
__HbssBANK3                                           bssBANK3     00000
__HbssCOMMON                                          bssCOMMON    00000
__Hcinit                                              cinit        0006D
__Hclrtext                                            clrtext      00000
__Hcode                                               code         00000
__Hcommon                                             common       00000
__Hconfig                                             config       08009
__HcstackBANK0                                        cstackBANK0  00000
__HcstackBANK1                                        cstackBANK1  00000
__HcstackCOMMON                                       cstackCOMMON 00000
__HdataBANK0                                          dataBANK0    00000
__HdataBANK1                                          dataBANK1    00000
__HdataBANK2                                          dataBANK2    00000
__Heeprom_data                                        eeprom_data  00000
__Hend_init                                           end_init     00025
__Hfunctab                                            functab      00000
__HidataBANK0                                         idataBANK0   00000
__HidataBANK1                                         idataBANK1   00000
__HidataBANK2                                         idataBANK2   00000
__Hidloc                                              idloc        00000
__Hinit                                               init         00023
__Hinittext                                           inittext     00000
__Hintentry                                           intentry     00023
__Hmaintext                                           maintext     00000
__HnvBANK1                                            nvBANK1      00000
__Hpowerup                                            powerup      00000
__Hram                                                ram          00000
__Hreset_vec                                          reset_vec    00002
__Hsfr0                                               sfr0         00000
__Hsfr1                                               sfr1         00000
__Hsfr10                                              sfr10        00000
__Hsfr11                                              sfr11        00000
__Hsfr12                                              sfr12        00000
__Hsfr13                                              sfr13        00000
__Hsfr14                                              sfr14        00000
__Hsfr15                                              sfr15        00000
__Hsfr16                                              sfr16        00000
__Hsfr17                                              sfr17        00000
__Hsfr18                                              sfr18        00000
__Hsfr19                                              sfr19        00000
__Hsfr2                                               sfr2         00000
__Hsfr20                                              sfr20        00000
__Hsfr21                                              sfr21        00000
__Hsfr22                                              sfr22        00000
__Hsfr23                                              sfr23        00000
__Hsfr24                                              sfr24        00000
__Hsfr25                                              sfr25        00000
__Hsfr26                                              sfr26        00000
__Hsfr27                                              sfr27        00000
__Hsfr28                                              sfr28        00000
__Hsfr29                                              sfr29        00000
__Hsfr3                                               sfr3         00000
__Hsfr30                                              sfr30        00000
__Hsfr31                                              sfr31        00000
__Hsfr4                                               sfr4         00000
__Hsfr5                                               sfr5         00000
__Hsfr6                                               sfr6         00000
__Hsfr7                                               sfr7         00000
__Hsfr8                                               sfr8         00000
__Hsfr9                                               sfr9         00000
__Hspace_0                                            (abs)        08009
__Hspace_1                                            (abs)        001C0
__Hspace_2                                            (abs)        00000
__Hspace_3                                            (abs)        00000
__Hstack                                              stack        00000
__Hstrings                                            strings      00000
__Hstringtext1                                        stringtext1  00000
__Hstringtext10                                       stringtext10 00000
__Hstringtext11                                       stringtext11 00000
__Hstringtext12                                       stringtext12 00000
__Hstringtext13                                       stringtext13 00000
__Hstringtext14                                       stringtext14 00000
__Hstringtext15                                       stringtext15 00000
__Hstringtext2                                        stringtext2  00000
__Hstringtext3                                        stringtext3  00000
__Hstringtext4                                        stringtext4  00000
__Hstringtext5                                        stringtext5  00000
__Hstringtext6                                        stringtext6  00000
__Hstringtext7                                        stringtext7  00000
__Hstringtext8                                        stringtext8  00000
__Hstringtext9                                        stringtext9  00000
__Htext                                               text         00000
__Labs1                                               abs1         00000
__Lbank0                                              bank0        00000
__Lbank1                                              bank1        00000
__Lbank10                                             bank10       00000
__Lbank11                                             bank11       00000
__Lbank12                                             bank12       00000
__Lbank13                                             bank13       00000
__Lbank14                                             bank14       00000
__Lbank15                                             bank15       00000
__Lbank16                                             bank16       00000
__Lbank17                                             bank17       00000
__Lbank18                                             bank18       00000
__Lbank19                                             bank19       00000
__Lbank2                                              bank2        00000
__Lbank20                                             bank20       00000
__Lbank21                                             bank21       00000
__Lbank22                                             bank22       00000
__Lbank23                                             bank23       00000
__Lbank24                                             bank24       00000
__Lbank25                                             bank25       00000
__Lbank26                                             bank26       00000
__Lbank27                                             bank27       00000
__Lbank28                                             bank28       00000
__Lbank29                                             bank29       00000
__Lbank3                                              bank3        00000
__Lbank30                                             bank30       00000
__Lbank31                                             bank31       00000
__Lbank4                                              bank4        00000
__Lbank5                                              bank5        00000
__Lbank6                                              bank6        00000
__Lbank7                                              bank7        00000
__Lbank8                                              bank8        00000
__Lbank9                                              bank9        00000
__Lbigram                                             bigram       00000
__LbssBANK0                                           bssBANK0     00000
__LbssBANK1                                           bssBANK1     00000
__LbssBANK2                                           bssBANK2     00000
__LbssBANK3                                           bssBANK3     00000
__LbssCOMMON                                          bssCOMMON    00000
__Lcinit                                              cinit        00025
__Lclrtext                                            clrtext      00000
__Lcode                                               code         00000
__Lcommon                                             common       00000
__Lconfig                                             config       08007
__LcstackBANK0                                        cstackBANK0  00000
__LcstackBANK1                                        cstackBANK1  00000
__LcstackCOMMON                                       cstackCOMMON 00000
__LdataBANK0                                          dataBANK0    00000
__LdataBANK1                                          dataBANK1    00000
__LdataBANK2                                          dataBANK2    00000
__Leeprom_data                                        eeprom_data  00000
__Lend_init                                           end_init     00023
__Lfunctab                                            functab      00000
__LidataBANK0                                         idataBANK0   00000
__LidataBANK1                                         idataBANK1   00000
__LidataBANK2                                         idataBANK2   00000
__Lidloc                                              idloc        00000
__Linit                                               init         00023
__Linittext                                           inittext     00000
__Lintentry                                           intentry     00004
__Lmaintext                                           maintext     00000
__LnvBANK1                                            nvBANK1      00000
__Lpowerup                                            powerup      00000
__Lram                                                ram          00000
__Lreset_vec                                          reset_vec    00000
__Lsfr0                                               sfr0         00000
__Lsfr1                                               sfr1         00000
__Lsfr10                                              sfr10        00000
__Lsfr11                                              sfr11        00000
__Lsfr12                                              sfr12        00000
__Lsfr13                                              sfr13        00000
__Lsfr14                                              sfr14        00000
__Lsfr15                                              sfr15        00000
__Lsfr16                                              sfr16        00000
__Lsfr17                                              sfr17        00000
__Lsfr18                                              sfr18        00000
__Lsfr19                                              sfr19        00000
__Lsfr2                                               sfr2         00000
__Lsfr20                                              sfr20        00000
__Lsfr21                                              sfr21        00000
__Lsfr22                                              sfr22        00000
__Lsfr23                                              sfr23        00000
__Lsfr24                                              sfr24        00000
__Lsfr25                                              sfr25        00000
__Lsfr26                                              sfr26        00000
__Lsfr27                                              sfr27        00000
__Lsfr28                                              sfr28        00000
__Lsfr29                                              sfr29        00000
__Lsfr3                                               sfr3         00000
__Lsfr30                                              sfr30        00000
__Lsfr31                                              sfr31        00000
__Lsfr4                                               sfr4         00000
__Lsfr5                                               sfr5         00000
__Lsfr6                                               sfr6         00000
__Lsfr7                                               sfr7         00000
__Lsfr8                                               sfr8         00000
[...]
                  1    wreg      void 
 Registers used:
		None
 Tracked objects:
		On entry : 
		On exit  : 
		Unchanged: 
 Data sizes:     COMMON   BANK0   BANK1   BANK2   BANK3   BANK4   BANK5   BANK6
      Params:         0       0       0       0       0       0       0       0
      Locals:         0       0       0       0       0       0       0       0
      Temps:          0       0       0       0       0       0       0       0
      Totals:         0       0       0       0       0       0       0       0
Total ram usage:        0 bytes
 Hardware stack levels used:    1
 Hardware stack levels required when called:    4
 This function calls:
		Nothing
 This function is called by:
		_LED_PROCESS
 This function uses a non-reentrant model


 *************** function _LED_1_SetHigh *****************
 Defined at:
		line 23 in file "led.c"
 Parameters:    Size  Location     Type
		None
 Auto vars:     Size  Location     Type
		None
 Return value:  Size  Location     Type
                  1    wreg      void 
 Registers used:
		None
 Tracked objects:
		On entry : 
		On exit  : 
		Unchanged: 
 Data sizes:     COMMON   BANK0   BANK1   BANK2   BANK3   BANK4   BANK5   BANK6
      Params:         0       0       0       0       0       0       0       0
      Locals:         0       0       0       0       0       0       0       0
      Temps:          0       0       0       0       0       0       0       0
      Totals:         0       0       0       0       0       0       0       0
Total ram usage:        0 bytes
 Hardware stack levels used:    1
 Hardware stack levels required when called:    4
 This function calls:
		Nothing
 This function is called by:
		_LED_PROCESS
 This function uses a non-reentrant model


 *************** function _LED_0_SetLow *****************
 Defined at:
		line 39 in file "led.c"
 Parameters:    Size  Location     Type
		None
 Auto vars:     Size  Location     Type
		None
 Return value:  Size  Location     Type
                  1    wreg      void 
 Registers used:
		None
 Tracked objects:
		On entry : 
		On exit  : 
		Unchanged: 
 Data sizes:     COMMON   BANK0   BANK1   BANK2   BANK3   BANK4   BANK5   BANK6
      Params:         0       0       0       0       0       0       0       0
      Locals:         0       0       0       0       0       0       0       0
      Temps:          0       0       0       0       0       0       0       0
      Totals:         0       0       0       0       0       0       0       0
Total ram usage:        0 bytes
 Hardware stack levels used:    1
 Hardware stack levels required when called:    4
 This function calls:
		Nothing
 This function is called by:
		_LED_PROCESS
 This function uses a non-reentrant model


 *************** function _LED_0_SetHigh *****************
 Defined at:
		line 34 in file "led.c"
 Parameters:    Size  Location     Type
		None
 Auto vars:     Size  Location     Type
		None
 Return value:  Size  Location     Type
                  1    wreg      void 
 Registers used:
		None
 Tracked objects:
		On entry : 
		On exit  : 
		Unchanged: 
 Data sizes:     COMMON   BANK0   BANK1   BANK2   BANK3   BANK4   BANK5   BANK6
      Params:         0       0       0       0       0       0       0       0
      Locals:         0       0       0       0       0       0       0       0
      Temps:          0       0       0       0       0       0       0       0
      Totals:         0       0       0       0       0       0       0       0
Total ram usage:        0 bytes
 Hardware stack levels used:    1
 Hardware stack levels required when called:    4
 This function calls:
		Nothing
 This function is called by:
		_LED_PROCESS
 This function uses a non-reentrant model


 *************** function _INTERRUPT_InterruptManager *****************
 Defined at:
		line 52 in file "mcc_generated_files/interrupt_manager.c"
 Parameters:    Size  Location     Type
		None
 Auto vars:     Size  Location     Type
		None
 Return value:  Size  Location     Type
                  1    wreg      void 
 Registers used:
		wreg, fsr1l, fsr1h, status,2, status,0, pclath, cstack
 Tracked objects:
		On entry : 
		On exit  : 
		Unchanged: 
 Data sizes:     COMMON   BANK0   BANK1   BANK2   BANK3   BANK4   BANK5   BANK6
      Params:         0       0       0       0       0       0       0       0
      Locals:         0       0       0       0       0       0       0       0
      Temps:          0       0       0       0       0       0       0       0
      Totals:         0       0       0       0       0       0       0       0
Total ram usage:        0 bytes
 Hardware stack levels used:    1
 Hardware stack levels required when called:    3
 This function calls:
		Absolute function
		_EUSART_Receive_ISR
		_EUSART_Transmit_ISR
 This function is called by:
		Interrupt level 1
 This function uses a non-reentrant model


 *************** function _EUSART_Transmit_ISR *****************
 Defined at:
		line 203 in file "mcc_generated_files/eusart.c"
 Parameters:    Size  Location     Type
		None
 Auto vars:     Size  Location     Type
		None
 Return value:  Size  Location     Type
                  1    wreg      void 
 Registers used:
		wreg, fsr1l, fsr1h, status,2, status,0
 Tracked objects:
		On entry : 
		On exit  : 
		Unchanged: 
 Data sizes:     COMMON   BANK0   BANK1   BANK2   BANK3   BANK4   BANK5   BANK6
      Params:         0       0       0       0       0       0       0       0
      Locals:         0       0       0       0       0       0       0       0
      Temps:          1       0       0       0       0       0       0       0
      Totals:         1       0       0       0       0       0       0       0
Total ram usage:        1 bytes
 Hardware stack levels used:    1
 This function calls:
		Nothing
 This function is called by:
		_EUSART_Initialize
		_INTERRUPT_InterruptManager
 This function uses a non-reentrant model


 *************** function _EUSART_Receive_ISR *****************
 Defined at:
		line 222 in file "mcc_generated_files/eusart.c"
 Parameters:    Size  Location     Type
		None
 Auto vars:     Size  Location     Type
		None
 Return value:  Size  Location     Type
                  1    wreg      void 
 Registers used:
		wreg, fsr1l, fsr1h, status,2, status,0, pclath, cstack
 Tracked objects:
		On entry : 
		On exit  : 
		Unchanged: 
 Data sizes:     COMMON   BANK0   BANK1   BANK2   BANK3   BANK4   BANK5   BANK6
      Params:         0       0       0       0       0       0       0       0
      Locals:         0       0       0       0       0       0       0       0
      Temps:          0       0       0       0       0       0       0       0
      Totals:         0       0       0       0       0       0       0       0
Total ram usage:        0 bytes
 Hardware stack levels used:    1
 Hardware stack levels required when called:    2
 This function calls:
		Absolute function
		_EUSART_DefaultErrorHandler
		_EUSART_DefaultFramingErrorHandler
		_EUSART_DefaultOverrunErrorHandler
		_EUSART_RxDataHandler
 This function is called by:
		_EUSART_Initialize
		_INTERRUPT_InterruptManager
 This function uses a non-reentrant model


 *************** function _EUSART_DefaultOverrunErrorHandler *****************
 Defined at:
		line 258 in file "mcc_generated_files/eusart.c"
 Parameters:    Size  Location     Type
		None
 Auto vars:     Size  Location     Type
		None
 Return value:  Size  Location     Type
                  1    wreg      void 
 Registers used:
		None
 Tracked objects:
		On entry : 
		On exit  : 
		Unchanged: 
 Data sizes:     COMMON   BANK0   BANK1   BANK2   BANK3   BANK4   BANK5   BANK6
      Params:         0       0       0       0       0       0       0       0
      Locals:         0       0       0       0       0       0       0       0
      Temps:          0       0       0       0       0       0       0       0
      Totals:         0       0       0       0       0       0       0       0
Total ram usage:        0 bytes
 Hardware stack levels used:    1
 This function calls:
		Nothing
 This function is called by:
		_EUSART_Initialize
		_EUSART_Receive_ISR
 This function uses a non-reentrant model


 *************** function _EUSART_DefaultFramingErrorHandler *****************
 Defined at:
		line 256 in file "mcc_generated_files/eusart.c"
 Parameters:    Size  Location     Type
		None
 Auto vars:     Size  Location     Type
		None
 Return value:  Size  Location     Type
                  1    wreg      void 
 Registers used:
		None
 Tracked objects:
		On entry : 
		On exit  : 
		Unchanged: 
 Data sizes:     COMMON   BANK0   BANK1   BANK2   BANK3   BANK4   BANK5   BANK6
      Params:         0       0       0       0       0       0       0       0
      Locals:         0       0       0       0       0       0       0       0
      Temps:          0       0       0       0       0       0       0       0
      Totals:         0       0       0       0       0       0       0       0
Total ram usage:        0 bytes
 Hardware stack levels used:    1
 This function calls:
		Nothing
 This function is called by:
		_EUSART_Initialize
		_EUSART_Receive_ISR
 This function uses a non-reentrant model


 *************** function _EUSART_DefaultErrorHandler *****************
 Defined at:
		line 266 in file "mcc_generated_files/eusart.c"
 Parameters:    Size  Location     Type
		None
 Auto vars:     Size  Location     Type
		None
 Return value:  Size  Location     Type
                  1    wreg      void 
 Registers used:
		wreg, fsr1l, fsr1h, status,2, status,0, pclath, cstack
 Tracked objects:
		On entry : 
		On exit  : 
		Unchanged: 
 Data sizes:     COMMON   BANK0   BANK1   BANK2   BANK3   BANK4   BANK5   BANK6
      Params:         0       0       0       0       0       0       0       0
      Locals:         0       0       0       0       0       0       0       0
      Temps:          0       0       0       0       0       0       0       0
      Totals:         0       0       0       0       0       0       0       0
Total ram usage:        0 bytes
 Hardware stack levels used:    1
 Hardware stack levels required when called:    1
 This function calls:
		_EUSART_RxDataHandler
 This function is called by:
		_EUSART_Initialize
		_EUSART_Receive_ISR
 This function uses a non-reentrant model


 *************** function _EUSART_RxDataHandler *****************
 Defined at:
		line 246 in file "mcc_generated_files/eusart.c"
 Parameters:    Size  Location     Type
		None
 Auto vars:     Size  Location     Type
		None
 Return value:  Size  Location     Type
                  1    wreg      void 
 Registers used:
		wreg, fsr1l, fsr1h, status,2, status,0
 Tracked objects:
		On entry : 
		On exit  : 
		Unchanged: 
 Data sizes:     COMMON   BANK0   BANK1   BANK2   BANK3   BANK4   BANK5   BANK6
      Params:         0       0       0       0       0       0       0       0
      Locals:         0       0       0       0       0       0       0       0
      Temps:          1       0       0       0       0       0       0       0
      Totals:         1       0       0       0       0       0       0       0
Total ram usage:        1 bytes
 Hardware stack levels used:    1
 This function calls:
		Nothing
 This function is called by:
		_EUSART_Receive_ISR
		_EUSART_DefaultErrorHandler
 This function uses a non-reentrant model



MODULE INFORMATION

Module		Function		Class		Link	Load	Size
mcc_generated_files/mtouch/mtouch_button.c
		_Button_Deviation_Update		CODE           	0E58	0000	136
		_MTOUCH_Button_SetNotPressedCallback		CODE           	14B2	0000	7
		_MTOUCH_Button_isPressed		CODE           	16E6	0000	28
		_MTOUCH_Button_Initialize		CODE           	0A09	0000	55
		_Button_Tick_helper		CODE           	0843	0000	40
		_MTOUCH_Button_InitializeAll		CODE           	1738	0000	29
		_Button_Baseline_Update		CODE           	0EDF	0000	144
		_Button_State_Pressed		CODE           	0D0F	0000	103
		_Button_Reading_Update		CODE           	153F	0000	15
		_Button_DefaultCallback		CODE           	1474	0000	2
		_MTOUCH_Button_Tick		CODE           	1672	0000	23
		_Button_State_NotPressed		CODE           	06A0	0000	165
		_MTOUCH_Button_SetPressedCallback		CODE           	14B8	0000	7
		_Button_Reading_Update_Helper		CODE           	0B05	0000	78
		_Button_Service		CODE           	0BA2	0000	86
		_Button_State_Initializing		CODE           	0CAD	0000	99
		_MTOUCH_Button_ServiceAll		CODE           	1595	0000	17
		_Button_Baseline_Initialize		CODE           	0913	0000	47

mcc_generated_files/mtouch/mtouch_button.c estimated size: 1081

C:\Program Files (x86)\Microchip\xc8\v2.05\pic\sources\c99\common\printf.c
		_printf        		CODE           	15D7	0000	18

C:\Program Files (x86)\Microchip\xc8\v2.05\pic\sources\c99\common\printf.c estimated size: 18

relay.c
		_RELAY_PROCESS 		CODE           	0AB8	0000	78

relay.c estimated size: 78

mcc_generated_files/tmr2.c
		_TMR2_LoadPeriodRegister		CODE           	14A8	0000	6
		_TMR2_Initialize		CODE           	150E	0000	9
		_TMR2_StopTimer		CODE           	147F	0000	4
		_TMR2_StartTimer		CODE           	147C	0000	4

mcc_generated_files/tmr2.c estimated size: 23

mcc_generated_files/interrupt_manager.c
		_INTERRUPT_InterruptManager		CODE           	0004	0000	32

mcc_generated_files/interrupt_manager.c estimated size: 32

C:\Program Files (x86)\Microchip\xc8\v2.05\pic\sources\c99\common\nf_fputc.c
		_fputc         		CODE           	09D4	0000	54

C:\Program Files (x86)\Microchip\xc8\v2.05\pic\sources\c99\common\nf_fputc.c estimated size: 54

mcc_generated_files/mtouch/mtouch.c
		_MTOUCH_Tick   		CODE           	1482	0000	4
		_MTOUCH_Initialize		CODE           	1533	0000	13
		_MTOUCH_Service_Mainloop		CODE           	171C	0000	29
		_MTOUCH_needReburst		CODE           	0002	0000	3

mcc_generated_files/mtouch/mtouch.c estimated size: 49

mcc_generated_files/pin_manager.c
		_PIN_MANAGER_Initialize		CODE           	0800	0000	30

mcc_generated_files/pin_manager.c estimated size: 30

C:\Program Files (x86)\Microchip\xc8\v2.05\pic\sources\c99\common\strlen.c
		_strlen        		CODE           	16CE	0000	25

C:\Program Files (x86)\Microchip\xc8\v2.05\pic\sources\c99\common\strlen.c estimated size: 25

C:\Program Files (x86)\Microchip\xc8\v2.05\pic\sources\c99\common\Umul8.c
		___bmul        		CODE           	15B5	0000	18

C:\Program Files (x86)\Microchip\xc8\v2.05\pic\sources\c99\common\Umul8.c estimated size: 18

C:\Program Files (x86)\Microchip\xc8\v2.05\pic\sources\c99\common\doprnt.c
		_vfpfcnvrt     		CODE           	0551	0000	169
		_pad           		CODE           	0B52	0000	81
		_ctoa          		CODE           	0892	0000	42
		_vfprintf      		CODE           	0941	0000	48

C:\Program Files (x86)\Microchip\xc8\v2.05\pic\sources\c99\common\doprnt.c estimated size: 340

shared
		Sensor_Scanfrequency_Evaluation@frequency_hop		STRCODE        	180F	0000	6
		_sensor_scan_group		STRCODE        	183C	0000	5
		__initialization		CODE           	0025	0000	69
		_mtouch_button_init		STRCODE        	1000	0000	49

shared estimated size: 129

mcc_generated_files/mcc.c
		_WDT_Initialize		CODE           	14A4	0000	5
		_OSCILLATOR_Initialize		CODE           	14DC	0000	7
		_SYSTEM_Initialize		CODE           	160C	0000	19

mcc_generated_files/mcc.c estimated size: 31

C:\Program Files (x86)\Microchip\xc8\v2.05\pic\sources\c99\common\abs.c
		_abs           		CODE           	169F	0000	24

C:\Program Files (x86)\Microchip\xc8\v2.05\pic\sources\c99\common\abs.c estimated size: 24

C:\Program Files (x86)\Microchip\xc8\v2.05\pic\sources\c99\common\nf_fputs.c
		_fputs         		CODE           	081D	0000	39

C:\Program Files (x86)\Microchip\xc8\v2.05\pic\sources\c99\common\nf_fputs.c estimated size: 39

mcc_generated_files/eusart.c
		_EUSART_SetRxInterruptHandler		CODE           	14D0	0000	7
		_EUSART_SetTxInterruptHandler		CODE           	14D6	0000	7
		_putch         		CODE           	14AD	0000	6
		_EUSART_Read   		CODE           	17B5	0000	38
		_EUSART_DefaultOverrunErrorHandler		CODE           	1488	0000	5
		_EUSART_Write  		CODE           	1792	0000	36
		_EUSART_DefaultErrorHandler		CODE           	1476	0000	4
		_EUSART_Transmit_ISR		CODE           	1754	0000	31
		_EUSART_Initialize		CODE           	0A77	0000	66
		_EUSART_SetFramingErrorHandler		CODE           	14C4	0000	7
		_EUSART_SetErrorHandler		CODE           	14BE	0000	7
		_EUSART_SetOverrunErrorHandler		CODE           	14CA	0000	7
		_EUSART_Receive_ISR		CODE           	0970	0000	51
		_EUSART_RxDataHandler		CODE           	1688	0000	24
		_EUSART_DefaultFramingErrorHandler		CODE           	1473	0000	2
		_EUSART_is_rx_ready		CODE           	1479	0000	4

mcc_generated_files/eusart.c estimated size: 302

C:\Program Files (x86)\Microchip\xc8\v2.05\pic\sources\c99\common\memcpy.c
		_memcpy        		CODE           	08BB	0000	44

C:\Program Files (x86)\Microchip\xc8\v2.05\pic\sources\c99\common\memcpy.c estimated size: 44

main.c
		_check_data    		CODE           	09A2	0000	51
		_myButtonReleasedCallback		CODE           	1772	0000	33
		_main          		CODE           	006D	0000	619
		_check_message 		CODE           	07D9	0000	40
		_update_state  		CODE           	0BF7	0000	91
		_myButtonPressedCallback		CODE           	17DA	0000	39
		_DATA_PROCESS  		CODE           	05F9	0000	168

main.c estimated size: 1041

mcc_generated_files/mtouch/mtouch_sensor.c
		_Sensor_setCalibrated		CODE           	154D	0000	15
		_Sensor_Acq_ExecutePacket		CODE           	02D7	0000	459
		_Sensor_getScanGroupIndex		CODE           	08E6	0000	46
		_Sensor_Acquisition		CODE           	0C51	0000	93
		_Sensor_postAcquisitionProcess		CODE           	0A3F	0000	57
		_Sensor_isCalibrated		CODE           	151F	0000	11
		_MTOUCH_Sensor_Initialize		CODE           	1631	0000	22
		_Sensor_Sampled_Reset		CODE           	1506	0000	9
		_MTOUCH_Sensor_InitializeAll		CODE           	1569	0000	15
		_Sensor_DefaultCallback		CODE           	1475	0000	2
		_Sensor_loadADCSettings		CODE           	04A1	0000	177
		_Sensor_isEnabled		CODE           	15C6	0000	18
		_MTOUCH_Sensor_isCalibrated		CODE           	1646	0000	23
		_MTOUCH_Sensor_Calibrate		CODE           	15E8	0000	19
		_MTOUCH_Sensor_Sampled_ResetAll		CODE           	161E	0000	20
		_Sensor_setActive		CODE           	14EE	0000	9
		_Sensor_Scanfrequency_Evaluation		CODE           	0DE2	0000	119
		_MTOUCH_Sensor_Enable		CODE           	15FA	0000	19
		_Sensor_setSampled		CODE           	14FE	0000	9
		_Sensor_isCalibratingAcqTime		CODE           	1516	0000	10
		_MTOUCH_Sensor_RawSample_Get		CODE           	16B6	0000	25
		_MTOUCH_Sensor_SampleAll		CODE           	165C	0000	23
		_MTOUCH_Sensor_wasSampled		CODE           	1577	0000	16
		_Sensor_Service		CODE           	0744	0000	150
		_Sensor_autoCalibration		CODE           	0F6E	0000	147
		_MTOUCH_Sensor_Scan_Initialize		CODE           	15A5	0000	17
		_Sensor_RawSample_Update		CODE           	086A	0000	41
		_Sensor_isActive		CODE           	155B	0000	15
		_Sensor_setCalibratAcqTime		CODE           	1586	0000	16
		_Sensor_setInactive		CODE           	14F6	0000	9

mcc_generated_files/mtouch/mtouch_sensor.c estimated size: 1611

led.c
		_LED_0_SetLow  		CODE           	1490	0000	5
		_LED_0_SetHigh 		CODE           	148C	0000	5
		_LED_1_SetLow  		CODE           	1498	0000	5
		_LED_PROCESS   		CODE           	0D75	0000	110
		_LED_1_SetHigh 		CODE           	1494	0000	5
		_LED_2_SetLow  		CODE           	14A0	0000	5
		_LED_2_SetHigh 		CODE           	149C	0000	5

led.c estimated size: 140

