Microchip MPLAB XC8 Compiler V2.05 ()

Linker command line:

-W-3 --edf=C:\Program Files (x86)\Microchip\xc8\v2.05\pic\dat\en_msgs.txt \
  -cs -h+dist/default/production\SQ_03.X.production.sym \
  --cmf=dist/default/production\SQ_03.X.production.cmf -z -Q16LF1559 \
  -oC:\Users\ngodi\AppData\Local\Temp\s9po.2 --defsym=__MPLAB_BUILD=1 \
  -Mdist/default/production/SQ_03.X.production.map -E1 -ver=XC8 \
  --acfsm=1493 -ASTACK=02110h-021EFh -pstack=STACK -ACODE=00h-07FFhx4 \
  -ASTRCODE=00h-01FFFh -ASTRING=00h-0FFhx32 -ACONST=00h-0FFhx32 \
  -AENTRY=00h-0FFhx32 -ACOMMON=070h-07Fh -ABANK0=020h-06Fh \
  -ABANK1=0A0h-0EFh -ABANK2=0120h-016Fh -ABANK3=01A0h-01EFh \
  -ABANK4=0220h-026Fh -ABANK5=02A0h-02EFh -ABANK6=0320h-032Fh \
  -ABIGRAM=02000h-021EFh \
  -ARAM=020h-06Fh,0A0h-0EFh,0120h-016Fh,01A0h-01EFh,0220h-026Fh,02A0h-02EFh,0320h-032Fh \
  -AABS1=020h-07Fh,0A0h-0EFh,0120h-016Fh,01A0h-01EFh,0220h-026Fh,02A0h-02EFh,0320h-032Fh \
  -ASFR0=00h-01Fh -ASFR1=080h-09Fh -ASFR2=0100h-011Fh -ASFR3=0180h-019Fh \
  -ASFR4=0200h-021Fh -ASFR5=0280h-029Fh -ASFR6=0300h-031Fh \
  -ASFR7=0380h-03EFh -ASFR8=0400h-046Fh -ASFR9=0480h-04EFh \
  -ASFR10=0500h-056Fh -ASFR11=0580h-05EFh -ASFR12=0600h-066Fh \
  -ASFR13=0680h-06EFh -ASFR14=0700h-076Fh -ASFR15=0780h-07EFh \
  -ASFR16=0800h-086Fh -ASFR17=0880h-08EFh -ASFR18=0900h-096Fh \
  -ASFR19=0980h-09EFh -ASFR20=0A00h-0A6Fh -ASFR21=0A80h-0AEFh \
  -ASFR22=0B00h-0B6Fh -ASFR23=0B80h-0BEFh -ASFR24=0C00h-0C6Fh \
  -ASFR25=0C80h-0CEFh -ASFR26=0D00h-0D6Fh -ASFR27=0D80h-0DEFh \
  -ASFR28=0E00h-0E6Fh -ASFR29=0E80h-0EEFh -ASFR30=0F00h-0F6Fh \
  -ASFR31=0F80h-0FEFh -preset_vec=00h,intentry=04h,init,end_init \
  -ppowerup=CODE -pcinit=CODE -pfunctab=ENTRY -ACONFIG=08007h-08008h \
  -pconfig=CONFIG -DCONFIG=2 -AIDLOC=08000h-08003h -pidloc=IDLOC -DIDLOC=2 \
  -DCODE=2 -DSTRCODE=2 -DSTRING=2 -DCONST=2 -DENTRY=2 -k \
  C:\Users\ngodi\AppData\Local\Temp\s9po.o \
  dist/default/production\SQ_03.X.production.o 

Object code version is 3.11

Machine type is 16LF1559



                Name                               Link     Load   Length Selector   Space Scale
C:\Users\ngodi\AppData\Local\Temp\s9po.o
                end_init                             23       23        2        8       0
                reset_vec                             0        0        2        0       0
                config                             8007     8007        2    1000E       0
dist/default/production\SQ_03.X.production.o
                cinit                                25       25       40        8       0
                intentry                              4        4       1F        8       0
                text102                            172F     172F       17     2E5E       0
                text101                            1522     1522        3     2A44       0
                text100                            151F     151F        1     2A3E       0
                text99                             1531     1531        4     2A62       0
                text98                              A77      A77       32     14EE       0
                text97                              819      819       1E     1032       0
                text95                             1535     1535        4     2A6A       0
                text94                             1539     1539        4     2A72       0
                text93                             153D     153D        4     2A7A       0
                text92                             1541     1541        4     2A82       0
                text91                             1545     1545        4     2A8A       0
                text90                             1549     1549        4     2A92       0
                text89                              DF8      DF8       6D     1BF0       0
                text88                              B8E      B8E       4D     171C       0
                text87                              856      856       25     10AC       0
                text86                             154D     154D        5     2A9A       0
                text85                              AA9      AA9       35     1552       0
                text84                              87B      87B       26     10F6       0
                text83                             175D     175D       18     2EBA       0
                text82                              C28      C28       50     1850       0
                text81                              A47      A47       30     148E       0
                text80                              498      498       A8        8       0
                text79                              A18      A18       2F     1430       0
                text78                             165C     165C       11     2CB8       0
                text77                              C78      C78       5A     18F0       0
                text76                              5E4      5E4       9C        8       0
                text75                              93D      93D       29     127A       0
                text74                             1525     1525        3     2A4A       0
                text73                             1557     1557        6     2AAE       0
                text72                             155D     155D        6     2ABA       0
                text71                              EEA      EEA       87     1DD4       0
                text70                             166D     166D       11     2CDA       0
                text69                              801      801       18     1002       0
                text68                              BDB      BDB       4D     17B6       0
                text67                             15E6     15E6        E     2BCC       0
                text66                              9EA      9EA       2E     13D4       0
                text65                              F71      F71       8F     1EE2       0
                text64                             168F     168F       12     2D1E       0
                text63                              ADE      ADE       36     15BC       0
                text62                             1775     1775       1B     2EEA       0
                text61                              837      837       1F     106E       0
                text60                             1520     1520        1     2A40       0
                text59                              8A1      8A1       26     1142       0
                text58                              D90      D90       68     1B20       0
                text57                              D2E      D2E       62     1A5C       0
                text56                              540      540       A4        8       0
                text55                             16ED     16ED       16     2DDA       0
                text54                             161E     161E        F     2C3C       0
                text53                              7A7      7A7       55        8       0
                text52                             163C     163C       10     2C78       0
                text51                             164C     164C       10     2C98       0
                text50                              9BD      9BD       2D     137A       0
                text49                             15BB     15BB        9     2B76       0
                text48                             162D     162D        F     2C5A       0
                text47                             15F4     15F4        E     2BE8       0
                text46                             1746     1746       17     2E8C       0
                text45                              715      715       92        8       0
                text44                             1602     1602        E     2C04       0
                text43                             167E     167E       11     2CFC       0
                text42                             15C4     15C4        A     2B88       0
                text41                              3E8      3E8       B0        8       0
                text40                             1552     1552        5     2AA4       0
                text39                             1528     1528        3     2A50       0
                text38                             152B     152B        3     2A56       0
                text37                               65       65      1CB        8       0
                text36                              E65      E65       85     1CCA       0
                text35                             1593     1593        8     2B26       0
                text34                             159B     159B        8     2B36       0
                text33                              B14      B14       38     1628       0
                text32                              CD2      CD2       5C     19A4       0
                text31                             1521     1521        1     2A42       0
                text30                              915      915       28     122A       0
                text29                             15A3     15A3        8     2B46       0
                text28                              680      680       95        8       0
                text27                             1703     1703       16     2E06       0
                text26                             15AB     15AB        8     2B56       0
                text25                             16C5     16C5       13     2D8A       0
                text24                              8C7      8C7       27     118E       0
                text23                             1719     1719       16     2E32       0
                text22                             152E     152E        3     2A5C       0
                text21                                2        2        2        0       0
                text20                             17AB     17AB       1C     2F56       0
                text19                             1563     1563        6     2AC6       0
                text18                             1569     1569        6     2AD2       0
                text17                             156F     156F        6     2ADE       0
                text16                             1575     1575        6     2AEA       0
                text15                             157B     157B        6     2AF6       0
                text14                              B4C      B4C       42     1698       0
                text13                              966      966       2B     12CC       0
                text12                             17C7     17C7       1C     2F8E       0
                text11                             16A1     16A1       12     2D42       0
                text10                             16D8     16D8       15     2DB0       0
                text9                              1610     1610        E     2C20       0
                text8                              15CE     15CE        C     2B9C       0
                text7                              1581     1581        6     2B02       0
                text6                              17E3     17E3       1D     2FC6       0
                text5                              15B3     15B3        8     2B66       0
                text4                               7FC      7FC        4        8       0
                text3                              16B3     16B3       12     2D66       0
                text2                               991      991       2C     1322       0
                text1                               8EE      8EE       27     11DC       0
                maintext                            230      230      1B8        8       0
                cstackBANK0                          20       20       3D       20       1
                cstackCOMMON                         70       70        C       70       1
                cstackBANK1                          E0       E0        2       A0       1
                clrtext                            1587     1587        6     2B0E       0
                inittext                           158D     158D        6     2B1A       0
                bssBANK3                            1A0      1A0       20      1A0       1
                dataBANK2                           150      150       1B      120       1
                bssBANK2                            120      120       30      120       1
                dataBANK1                            C9       C9        C       A0       1
                bssBANK1                             A0       A0       29       A0       1
                dataBANK0                            6E       6E        1       20       1
                bssBANK0                             5D       5D       11       20       1
                bssCOMMON                            7C       7C        1       70       1
                stringtext13                       183A     183A        3     3000       0
                stringtext12                       1831     1831        5     3000       0
                stringtext11                       182C     182C        5     3000       0
                stringtext10                       1827     1827        5     3000       0
                stringtext9                        1822     1822        5     3000       0
                stringtext8                        181D     181D        5     3000       0
                stringtext7                        1818     1818        5     3000       0
                stringtext6                        1813     1813        5     3000       0
                stringtext5                        180E     180E        5     3000       0
                stringtext4                        1800     1800        9     3000       0
                nvBANK1                              D5       D5        B       A0       1
                stringtext3                        1000     1000       30     2000       0
                stringtext2                        1836     1836        4     3000       0
                stringtext1                        1809     1809        5     3000       0
                idataBANK2                         1790     1790       1B     2F20       0
                idataBANK1                         15DA     15DA        C     2BB4       0
                idataBANK0                          800      800        1        8       0

TOTAL           Name                               Link     Load   Length     Space
        CLASS   STACK          

        CLASS   CODE           
                end_init                             23       23        2         0
                cinit                                25       25       40         0
                intentry                              4        4       1F         0
                reset_vec                             0        0        2         0
                text102                            172F     172F       17         0
                text101                            1522     1522        3         0
                text100                            151F     151F        1         0
                text99                             1531     1531        4         0
                text98                              A77      A77       32         0
                text97                              819      819       1E         0
                text95                             1535     1535        4         0
                text94                             1539     1539        4         0
                text93                             153D     153D        4         0
                text92                             1541     1541        4         0
                text91                             1545     1545        4         0
                text90                             1549     1549        4         0
                text89                              DF8      DF8       6D         0
                text88                              B8E      B8E       4D         0
                text87                              856      856       25         0
                text86                             154D     154D        5         0
                text85                              AA9      AA9       35         0
                text84                              87B      87B       26         0
                text83                             175D     175D       18         0
                text82                              C28      C28       50         0
                text81                              A47      A47       30         0
                text80                              498      498       A8         0
                text79                              A18      A18       2F         0
                text78                             165C     165C       11         0
                text77                              C78      C78       5A         0
                text76                              5E4      5E4       9C         0
                text75                              93D      93D       29         0
                text74                             1525     1525        3         0
                text73                             1557     1557        6         0
                text72                             155D     155D        6         0
                text71                              EEA      EEA       87         0
                text70                             166D     166D       11         0
                text69                              801      801       18         0
                text68                              BDB      BDB       4D         0
                text67                             15E6     15E6        E         0
                text66                              9EA      9EA       2E         0
                text65                              F71      F71       8F         0
                text64                             168F     168F       12         0
                text63                              ADE      ADE       36         0
                text62                             1775     1775       1B         0
                text61                              837      837       1F         0
                text60                             1520     1520        1         0
                text59                              8A1      8A1       26         0
                text58                              D90      D90       68         0
                text57                              D2E      D2E       62         0
                text56                              540      540       A4         0
                text55                             16ED     16ED       16         0
                text54                             161E     161E        F         0
                text53                              7A7      7A7       55         0
                text52                             163C     163C       10         0
                text51                             164C     164C       10         0
                text50                              9BD      9BD       2D         0
                text49                             15BB     15BB        9         0
                text48                             162D     162D        F         0
                text47                             15F4     15F4        E         0
                text46                             1746     1746       17         0
                text45                              715      715       92         0
                text44                             1602     1602        E         0
                text43                             167E     167E       11         0
                text42                             15C4     15C4        A         0
                text41                              3E8      3E8       B0         0
                text40                             1552     1552        5         0
                text39                             1528     1528        3         0
                text38                             152B     152B        3         0
                text37                               65       65      1CB         0
                text36                              E65      E65       85         0
                text35                             1593     1593        8         0
                text34                             159B     159B        8         0
                text33                              B14      B14       38         0
                text32                              CD2      CD2       5C         0
                text31                             1521     1521        1         0
                text30                              915      915       28         0
                text29                             15A3     15A3        8         0
                text28                              680      680       95         0
                text27                             1703     1703       16         0
                text26                             15AB     15AB        8         0
                text25                             16C5     16C5       13         0
                text24                              8C7      8C7       27         0
                text23                             1719     1719       16         0
                text22                             152E     152E        3         0
                text21                                2        2        2         0
                text20                             17AB     17AB       1C         0
                text19                             1563     1563        6         0
                text18                             1569     1569        6         0
                text17                             156F     156F        6         0
                text16                             1575     1575        6         0
                text15                             157B     157B        6         0
                text14                              B4C      B4C       42         0
                text13                              966      966       2B         0
                text12                             17C7     17C7       1C         0
                text11                             16A1     16A1       12         0
                text10                             16D8     16D8       15         0
                text9                              1610     1610        E         0
                text8                              15CE     15CE        C         0
                text7                              1581     1581        6         0
                text6                              17E3     17E3       1D         0
                text5                              15B3     15B3        8         0
                text4                               7FC      7FC        4         0
                text3                              16B3     16B3       12         0
                text2                               991      991       2C         0
                text1                               8EE      8EE       27         0
                maintext                            230      230      1B8         0
                clrtext                            1587     1587        6         0
                inittext                           158D     158D        6         0
                idataBANK2                         1790     1790       1B         0
                idataBANK1                         15DA     15DA        C         0
                idataBANK0                          800      800        1         0

        CLASS   STRCODE        
                stringtext13                       183A     183A        3         0
                stringtext12                       1831     1831        5         0
                stringtext11                       182C     182C        5         0
                stringtext10                       1827     1827        5         0
                stringtext9                        1822     1822        5         0
                stringtext8                        181D     181D        5         0
                stringtext7                        1818     1818        5         0
                stringtext6                        1813     1813        5         0
                stringtext5                        180E     180E        5         0
                stringtext4                        1800     1800        9         0
                stringtext3                        1000     1000       30         0
                stringtext2                        1836     1836        4         0
                stringtext1                        1809     1809        5         0

        CLASS   STRING         

        CLASS   CONST          

        CLASS   ENTRY          

        CLASS   COMMON         
                cstackCOMMON                         70       70        C         1
                bssCOMMON                            7C       7C        1         1

        CLASS   BANK0          
                cstackBANK0                          20       20       3D         1
                dataBANK0                            6E       6E        1         1
                bssBANK0                             5D       5D       11         1

        CLASS   BANK1          
                cstackBANK1                          E0       E0        2         1
                dataBANK1                            C9       C9        C         1
                bssBANK1                             A0       A0       29         1
                nvBANK1                              D5       D5        B         1

        CLASS   BANK2          
                dataBANK2                           150      150       1B         1
                bssBANK2                            120      120       30         1

        CLASS   BANK3          
                bssBANK3                            1A0      1A0       20         1

        CLASS   BANK4          

        CLASS   BANK5          

        CLASS   BANK6          

        CLASS   BIGRAM         

        CLASS   RAM            

        CLASS   ABS1           
                abs_s1                               7E       7E        2         1

        CLASS   SFR0           

        CLASS   SFR1           

        CLASS   SFR2           

        CLASS   SFR3           

        CLASS   SFR4           

        CLASS   SFR5           

        CLASS   SFR6           

        CLASS   SFR7           

        CLASS   SFR8           

        CLASS   SFR9           

        CLASS   SFR10          

        CLASS   SFR11          

        CLASS   SFR12          

        CLASS   SFR13          

        CLASS   SFR14          

        CLASS   SFR15          

        CLASS   SFR16          

        CLASS   SFR17          

        CLASS   SFR18          

        CLASS   SFR19          

        CLASS   SFR20          

        CLASS   SFR21          

        CLASS   SFR22          

        CLASS   SFR23          

        CLASS   SFR24          

        CLASS   SFR25          

        CLASS   SFR26          

        CLASS   SFR27          

        CLASS   SFR28          

        CLASS   SFR29          

        CLASS   SFR30          

        CLASS   SFR31          

        CLASS   CONFIG         
                config                             8007     8007        2         0

        CLASS   IDLOC          

        CLASS   BANK31         

        CLASS   BANK30         

        CLASS   BANK29         

        CLASS   BANK28         

        CLASS   BANK27         

        CLASS   BANK26         

        CLASS   BANK25         

        CLASS   BANK24         

        CLASS   BANK23         

        CLASS   BANK22         

        CLASS   BANK21         

        CLASS   BANK20         

        CLASS   BANK19         

        CLASS   BANK18         

        CLASS   BANK17         

        CLASS   BANK16         

        CLASS   BANK15         

        CLASS   BANK14         

        CLASS   BANK13         

        CLASS   BANK12         

        CLASS   BANK11         

        CLASS   BANK10         

        CLASS   BANK9          

        CLASS   BANK8          

        CLASS   BANK7          

        CLASS   EEDATA         



SEGMENTS        Name                           Load    Length   Top    Selector   Space  Class     Delta

                reset_vec                      000000  000004  000004         0       0  CODE        2
                intentry                       000004  0007FD  000801         8       0  CODE        2
                cstackBANK0                    000020  00004F  00006F        20       1  BANK0       1
                cstackCOMMON                   000070  00000D  00007D        70       1  COMMON      1
                bssBANK1                       0000A0  000042  0000E2        A0       1  BANK1       1
                bssBANK2                       000120  00004B  00016B       120       1  BANK2       1
                bssBANK3                       0001A0  000020  0001C0       1A0       1  BANK3       1
                text69                         000801  000018  000819      1002       0  CODE        2
                text97                         000819  00001E  000837      1032       0  CODE        2
                text61                         000837  00001F  000856      106E       0  CODE        2
                text87                         000856  000025  00087B      10AC       0  CODE        2
                text84                         00087B  000026  0008A1      10F6       0  CODE        2
                text59                         0008A1  000026  0008C7      1142       0  CODE        2
                text24                         0008C7  000027  0008EE      118E       0  CODE        2
                text1                          0008EE  000027  000915      11DC       0  CODE        2
                text30                         000915  000028  00093D      122A       0  CODE        2
                text75                         00093D  000029  000966      127A       0  CODE        2
                text13                         000966  00002B  000991      12CC       0  CODE        2
                text2                          000991  00002C  0009BD      1322       0  CODE        2
                text50                         0009BD  00002D  0009EA      137A       0  CODE        2
                text66                         0009EA  00002E  000A18      13D4       0  CODE        2
                text79                         000A18  00002F  000A47      1430       0  CODE        2
                text81                         000A47  000030  000A77      148E       0  CODE        2
                text98                         000A77  000032  000AA9      14EE       0  CODE        2
                text85                         000AA9  000035  000ADE      1552       0  CODE        2
                text63                         000ADE  000036  000B14      15BC       0  CODE        2
                text33                         000B14  000038  000B4C      1628       0  CODE        2
                text14                         000B4C  000042  000B8E      1698       0  CODE        2
                text88                         000B8E  00004D  000BDB      171C       0  CODE        2
                text68                         000BDB  00004D  000C28      17B6       0  CODE        2
                text82                         000C28  000050  000C78      1850       0  CODE        2
                text77                         000C78  00005A  000CD2      18F0       0  CODE        2
                text32                         000CD2  00005C  000D2E      19A4       0  CODE        2
                text57                         000D2E  000062  000D90      1A5C       0  CODE        2
                text58                         000D90  000068  000DF8      1B20       0  CODE        2
                text89                         000DF8  00006D  000E65      1BF0       0  CODE        2
                text36                         000E65  000085  000EEA      1CCA       0  CODE        2
                text71                         000EEA  000087  000F71      1DD4       0  CODE        2
                text65                         000F71  00008F  001000      1EE2       0  CODE        2
                stringtext3                    001000  000030  001030      2000       0  STRCODE     2
                text100                        00151F  000001  001520      2A3E       0  CODE        2
                text60                         001520  000001  001521      2A40       0  CODE        2
                text31                         001521  000001  001522      2A42       0  CODE        2
                text101                        001522  000003  001525      2A44       0  CODE        2
                text74                         001525  000003  001528      2A4A       0  CODE        2
                text39                         001528  000003  00152B      2A50       0  CODE        2
                text38                         00152B  000003  00152E      2A56       0  CODE        2
                text22                         00152E  000003  001531      2A5C       0  CODE        2
                text99                         001531  000004  001535      2A62       0  CODE        2
                text95                         001535  000004  001539      2A6A       0  CODE        2
                text94                         001539  000004  00153D      2A72       0  CODE        2
                text93                         00153D  000004  001541      2A7A       0  CODE        2
                text92                         001541  000004  001545      2A82       0  CODE        2
                text91                         001545  000004  001549      2A8A       0  CODE        2
                text90                         001549  000004  00154D      2A92       0  CODE        2
                text86                         00154D  000005  001552      2A9A       0  CODE        2
                text40                         001552  000005  001557      2AA4       0  CODE        2
                text73                         001557  000006  00155D      2AAE       0  CODE        2
                text72                         00155D  000006  001563      2ABA       0  CODE        2
                text19                         001563  000006  001569      2AC6       0  CODE        2
                text18                         001569  000006  00156F      2AD2       0  CODE        2
                text17                         00156F  000006  001575      2ADE       0  CODE        2
                text16                         001575  000006  00157B      2AEA       0  CODE        2
                text15                         00157B  000006  001581      2AF6       0  CODE        2
                text7                          001581  000006  001587      2B02       0  CODE        2
                clrtext                        001587  000006  00158D      2B0E       0  CODE        2
                inittext                       00158D  000006  001593      2B1A       0  CODE        2
                text35                         001593  000008  00159B      2B26       0  CODE        2
                text34                         00159B  000008  0015A3      2B36       0  CODE        2
                text29                         0015A3  000008  0015AB      2B46       0  CODE        2
                text26                         0015AB  000008  0015B3      2B56       0  CODE        2
                text5                          0015B3  000008  0015BB      2B66       0  CODE        2
                text49                         0015BB  000009  0015C4      2B76       0  CODE        2
                text42                         0015C4  00000A  0015CE      2B88       0  CODE        2
                text8                          0015CE  00000C  0015DA      2B9C       0  CODE        2
                idataBANK1                     0015DA  00000C  0015E6      2BB4       0  CODE        2
                text67                         0015E6  00000E  0015F4      2BCC       0  CODE        2
                text47                         0015F4  00000E  001602      2BE8       0  CODE        2
                text44                         001602  00000E  001610      2C04       0  CODE        2
                text9                          001610  00000E  00161E      2C20       0  CODE        2
                text54                         00161E  00000F  00162D      2C3C       0  CODE        2
                text48                         00162D  00000F  00163C      2C5A       0  CODE        2
                text52                         00163C  000010  00164C      2C78       0  CODE        2
                text51                         00164C  000010  00165C      2C98       0  CODE        2
                text78                         00165C  000011  00166D      2CB8       0  CODE        2
                text70                         00166D  000011  00167E      2CDA       0  CODE        2
                text43                         00167E  000011  00168F      2CFC       0  CODE        2
                text64                         00168F  000012  0016A1      2D1E       0  CODE        2
                text11                         0016A1  000012  0016B3      2D42       0  CODE        2
                text3                          0016B3  000012  0016C5      2D66       0  CODE        2
                text25                         0016C5  000013  0016D8      2D8A       0  CODE        2
                text10                         0016D8  000015  0016ED      2DB0       0  CODE        2
                text55                         0016ED  000016  001703      2DDA       0  CODE        2
                text27                         001703  000016  001719      2E06       0  CODE        2
                text23                         001719  000016  00172F      2E32       0  CODE        2
                text102                        00172F  000017  001746      2E5E       0  CODE        2
                text46                         001746  000017  00175D      2E8C       0  CODE        2
                text83                         00175D  000018  001775      2EBA       0  CODE        2
                text62                         001775  00001B  001790      2EEA       0  CODE        2
                idataBANK2                     001790  00001B  0017AB      2F20       0  CODE        2
                text20                         0017AB  00001C  0017C7      2F56       0  CODE        2
                text12                         0017C7  00001C  0017E3      2F8E       0  CODE        2
                text6                          0017E3  00001D  001800      2FC6       0  CODE        2
                stringtext4                    001800  00003D  00183D      3000       0  STRCODE     2
                config                         008007  000002  008009     1000E       0  CONFIG      2


UNUSED ADDRESS RANGES

        Name                Unused          Largest block    Delta
        BANK0            0006F-0006F               1           1
        BANK1            000E2-000EF               E           1
        BANK2            0016B-0016F               5           1
        BANK3            001C0-001EF              30           1
        BANK4            00220-0026F              50           1
        BANK5            002A0-002EF              50           1
        BANK6            00320-0032F              10           1
        BIGRAM           02000-021EF             1F0           1
        CODE             01030-0151E             4EF           2
                         0183D-01FFF             7C3
        COMMON           0007D-0007D               1           1
        CONST            01030-0151E             100           2
                         0183D-01FFF             100
        ENTRY            01030-0151E             100           2
                         0183D-01FFF             100
        IDLOC            08000-08003               4           2
        RAM              0006F-0006F               1           1
                         000E2-000EF               E
                         0016B-0016F               5
                         001C0-001EF              30
                         00220-0026F              50
                         002A0-002EF              50
                         00320-0032F              10
        SFR0             00000-0001F              20           1
        SFR1             00080-0009F              20           1
        SFR10            00500-0056F              70           1
        SFR11            00580-005EF              70           1
        SFR12            00600-0066F              70           1
        SFR13            00680-006EF              70           1
        SFR14            00700-0076F              70           1
        SFR15            00780-007EF              70           1
        SFR16            00800-0086F              70           1
        SFR17            00880-008EF              70           1
        SFR18            00900-0096F              70           1
        SFR19            00980-009EF              70           1
        SFR2             00100-0011F              20           1
        SFR20            00A00-00A6F              70           1
        SFR21            00A80-00AEF              70           1
        SFR22            00B00-00B6F              70           1
        SFR23            00B80-00BEF              70           1
        SFR24            00C00-00C6F              70           1
        SFR25            00C80-00CEF              70           1
        SFR26            00D00-00D6F              70           1
        SFR27            00D80-00DEF              70           1
        SFR28            00E00-00E6F              70           1
        SFR29            00E80-00EEF              70           1
        SFR3             00180-0019F              20           1
        SFR30            00F00-00F6F              70           1
        SFR31            00F80-00FEF              70           1
        SFR4             00200-0021F              20           1
        SFR5             00280-0029F              20           1
        SFR6             00300-0031F              20           1
        SFR7             00380-003EF              70           1
        SFR8             00400-0046F              70           1
        SFR9             00480-004EF              70           1
        STACK            02110-021EF              E0           1
        STRCODE          01030-0151E             4EF           2
                         0183D-01FFF             7C3
        STRING           01030-0151E             100           2
                         0183D-01FFF             100

                                  Symbol Table

?_MTOUCH_Sensor_RawSample_Get                         cstackCOMMON 00075
?_abs                                                 cstackCOMMON 00071
?_ctoa                                                cstackBANK0  00031
?_pad                                                 cstackBANK0  00028
?_printf                                              cstackBANK0  00048
?_strlen                                              cstackCOMMON 00071
?_vfpfcnvrt                                           cstackBANK0  00037
?_vfprintf                                            cstackBANK0  00040
Button_Baseline_Initialize@button                     cstackCOMMON 00079
Button_Baseline_Update@button                         cstackCOMMON 00077
Button_Deviation_Update@button                        cstackBANK0  00020
Button_Deviation_Update@deviation                     cstackBANK0  00021
Button_Reading_Update@button                          cstackBANK0  00020
Button_Reading_Update_Helper@button                   cstackCOMMON 0007B
Button_Service@button                                 cstackBANK0  00059
Button_Service@name                                   cstackBANK0  00058
Button_State_Initializing@button                      cstackBANK0  00051
Button_State_NotPressed@button                        cstackBANK0  00051
Button_State_Pressed@button                           cstackBANK0  00051
Button_Tick_helper@button                             cstackCOMMON 00073
DATA_PROCESS@x                                        cstackBANK0  00052
EUSART_Read@readValue                                 cstackCOMMON 00072
EUSART_SetErrorHandler@interruptHandler               cstackCOMMON 00071
EUSART_SetFramingErrorHandler@interruptHandler        cstackCOMMON 00071
EUSART_SetOverrunErrorHandler@interruptHandler        cstackCOMMON 00071
EUSART_SetRxInterruptHandler@interruptHandler         cstackCOMMON 00071
EUSART_SetTxInterruptHandler@interruptHandler         cstackCOMMON 00071
EUSART_Write@txData                                   cstackCOMMON 00072
LED_PROCESS@x                                         cstackCOMMON 00073
MTOUCH_Button_Initialize@button                       cstackCOMMON 0007A
MTOUCH_Button_Initialize@name                         cstackCOMMON 00079
MTOUCH_Button_InitializeAll@button                    cstackBANK0  00020
MTOUCH_Button_ServiceAll@button                       cstackBANK0  0005B
MTOUCH_Button_SetNotPressedCallback@callback          cstackCOMMON 00071
MTOUCH_Button_SetPressedCallback@callback             cstackCOMMON 00071
MTOUCH_Button_Tick@i                                  cstackCOMMON 00075
MTOUCH_Button_isPressed@name                          cstackCOMMON 00072
MTOUCH_Sensor_Calibrate@sensor                        cstackCOMMON 00076
MTOUCH_Sensor_Enable@sensor                           cstackCOMMON 00076
MTOUCH_Sensor_Initialize@sensor                       cstackCOMMON 00078
MTOUCH_Sensor_InitializeAll@sensor                    cstackCOMMON 0007A
MTOUCH_Sensor_RawSample_Get@name                      cstackCOMMON 00078
MTOUCH_Sensor_SampleAll@group                         cstackBANK0  00047
MTOUCH_Sensor_Sampled_ResetAll@sensor                 cstackCOMMON 00073
MTOUCH_Sensor_isCalibrated@sensor                     cstackCOMMON 00076
MTOUCH_Sensor_wasSampled@sensor                       cstackCOMMON 00076
RELAY_PROCESS@x                                       cstackCOMMON 00073
Sensor_Acq_ExecutePacket@AD1CON2_temp                 cstackBANK0  00022
Sensor_Acq_ExecutePacket@AD2CON2_temp                 cstackBANK0  00023
Sensor_Acq_ExecutePacket@ADCOMCON_temp                cstackBANK0  00021
Sensor_Acq_ExecutePacket@ADxIF_flag                   cstackBANK0  00026
Sensor_Acq_ExecutePacket@activeSensor                 cstackBANK0  00027
Sensor_Acq_ExecutePacket@last_a                       cstackBANK0  00028
Sensor_Acq_ExecutePacket@last_b                       cstackBANK0  0002A
Sensor_Acq_ExecutePacket@packet_counter               cstackBANK0  0002C
Sensor_Acq_ExecutePacket@sensor1ForceEnabled          cstackBANK0  00024
Sensor_Acq_ExecutePacket@sensor2ForceEnabled          cstackBANK0  00025
Sensor_Acq_ExecutePacket@sensor_adc1                  cstackBANK0  0002D
Sensor_Acq_ExecutePacket@sensor_adc2                  cstackCOMMON 0007B
Sensor_Acquisition@retry                              cstackBANK0  0003D
Sensor_Acquisition@sensor_adc1                        cstackBANK0  0003E
Sensor_Acquisition@sensor_adc2                        cstackBANK0  0003B
Sensor_DefaultCallback@sensor                         cstackCOMMON 00071
Sensor_RawSample_Update@adcIndex                      cstackCOMMON 00076
Sensor_RawSample_Update@sensor                        cstackCOMMON 00077
Sensor_Sampled_Reset@sensor                           cstackCOMMON 00071
Sensor_Scanfrequency_Evaluation@best_packet_sample    cstackBANK0  00036
Sensor_Scanfrequency_Evaluation@best_sample_period    cstackBANK0  00034
Sensor_Scanfrequency_Evaluation@frequency_hop         stringtext1  01809
Sensor_Scanfrequency_Evaluation@i                     cstackBANK0  0003A
Sensor_Scanfrequency_Evaluation@packet_noise_Max      cstackBANK0  00032
Sensor_Scanfrequency_Evaluation@retry                 cstackBANK0  00035
Sensor_Scanfrequency_Evaluation@sensor_adc1           cstackBANK0  00031
Sensor_Scanfrequency_Evaluation@sensor_adc2           cstackBANK0  0002E
Sensor_Service@error                                  cstackBANK0  00043
Sensor_Service@scanGroup                              cstackBANK0  00042
Sensor_Service@sensor_adc1                            cstackBANK0  00044
Sensor_Service@sensor_adc2                            cstackBANK0  00045
Sensor_autoCalibration@adcIndex                       cstackCOMMON 00079
Sensor_autoCalibration@sensor                         cstackCOMMON 0007A
Sensor_getScanGroupIndex@sensor                       cstackCOMMON 00073
Sensor_getScanGroupIndex@sensorGroup                  cstackCOMMON 00074
Sensor_isActive@sensor                                cstackCOMMON 00071
Sensor_isCalibrated@sensor                            cstackCOMMON 00071
Sensor_isCalibratingAcqTime@sensor                    cstackCOMMON 00071
Sensor_isEnabled@sensor                               cstackCOMMON 00072
Sensor_loadADCSettings@adc_index                      cstackCOMMON 00072
Sensor_loadADCSettings@addressOffset                  cstackCOMMON 00078
Sensor_loadADCSettings@sensor                         cstackCOMMON 00079
Sensor_postAcquisitionProcess@adcIndex                cstackCOMMON 00078
Sensor_postAcquisitionProcess@deviation               cstackCOMMON 00076
Sensor_postAcquisitionProcess@sensor                  cstackCOMMON 00079
Sensor_setActive@sensor                               cstackCOMMON 00071
Sensor_setCalibratAcqTime@sensor                      cstackCOMMON 00071
Sensor_setCalibrated@sensor                           cstackCOMMON 00071
Sensor_setInactive@sensor                             cstackCOMMON 00071
Sensor_setSampled@sensor                              cstackCOMMON 00071
TMR2_LoadPeriodRegister@periodVal                     cstackCOMMON 00071
_AAD1CAP                                              (abs)        00719
_AAD1CON2                                             (abs)        00713
_AAD1CON3                                             (abs)        00714
_AAD1GRD                                              (abs)        00718
_AAD1RES0                                             (abs)        0071A
_AAD2CON3                                             (abs)        00794
_AAD2GRD                                              (abs)        00798
_AAD2RES0                                             (abs)        0079A
_AD1ACQCON                                            (abs)        00717
_AD1CON0                                              (abs)        00711
_AD1CON0bits                                          (abs)        00711
_AD1CON2                                              (abs)        00713
_AD1CON3                                              (abs)        00714
_AD1PRECON                                            (abs)        00716
_AD2ACQCON                                            (abs)        00797
_AD2CON0                                              (abs)        00791
_AD2CON0bits                                          (abs)        00791
_AD2CON2                                              (abs)        00793
_AD2CON3                                              (abs)        00794
_AD2PRECON                                            (abs)        00796
_ADCOMCON                                             (abs)        00712
_ANSELA                                               (abs)        0018C
_ANSELB                                               (abs)        0018D
_ANSELC                                               (abs)        0018E
_APFCON                                               (abs)        0011D
_APFCONbits                                           (abs)        0011D
_BAUDCON                                              (abs)        0019F
_BORCON                                               (abs)        00116
_Button_Baseline_Initialize                           text66       009EA
_Button_Baseline_Update                               text65       00F71
_Button_DefaultCallback                               text60       01520
_Button_Deviation_Update                              text71       00EEA
_Button_Reading_Update                                text67       015E6
_Button_Reading_Update_Helper                         text68       00BDB
_Button_Service                                       text53       007A7
_Button_StateMachine                                  dataBANK1    000C9
_Button_State_Initializing                            text57       00D2E
_Button_State_NotPressed                              text56       00540
_Button_State_Pressed                                 text58       00D90
_Button_Tick_helper                                   text24       008C7
_DATA_PROCESS                                         text76       005E4
_EUSART_DefaultErrorHandler                           text101      01522
_EUSART_DefaultFramingErrorHandler                    text100      0151F
_EUSART_DefaultOverrunErrorHandler                    text99       01531
_EUSART_ErrorHandler                                  nvBANK1      000D5
_EUSART_FramingErrorHandler                           nvBANK1      000D9
_EUSART_Initialize                                    text14       00B4C
_EUSART_OverrunErrorHandler                           nvBANK1      000D7
_EUSART_Read                                          text75       0093D
_EUSART_Receive_ISR                                   text98       00A77
_EUSART_RxDataHandler                                 text102      0172F
_EUSART_RxDefaultInterruptHandler                     nvBANK1      000DB
_EUSART_SetErrorHandler                               text19       01563
_EUSART_SetFramingErrorHandler                        text18       01569
_EUSART_SetOverrunErrorHandler                        text17       0156F
_EUSART_SetRxInterruptHandler                         text16       01575
_EUSART_SetTxInterruptHandler                         text15       0157B
_EUSART_Transmit_ISR                                  text97       00819
_EUSART_TxDefaultInterruptHandler                     nvBANK1      000DD
_EUSART_Write                                         text87       00856
_EUSART_is_rx_ready                                   text74       01525
_GIE                                                  (abs)        0005F
_INTCONbits                                           (abs)        0000B
_INTERRUPT_InterruptManager                           intentry     00004
_LATA                                                 (abs)        0010C
_LATAbits                                             (abs)        0010C
_LATB                                                 (abs)        0010D
_LATBbits                                             (abs)        0010D
_LATC                                                 (abs)        0010E
_LATCbits                                             (abs)        0010E
_LED_0_SetHigh                                        text95       01535
_LED_0_SetLow                                         text94       01539
_LED_1_SetHigh                                        text93       0153D
_LED_1_SetLow                                         text92       01541
_LED_2_SetHigh                                        text91       01545
_LED_2_SetLow                                         text90       01549
_LED_PROCESS                                          text89       00DF8
_MTOUCH_Button_Initialize                             text63       00ADE
_MTOUCH_Button_InitializeAll                          text12       017C7
_MTOUCH_Button_ServiceAll                             text52       0163C
_MTOUCH_Button_SetNotPressedCallback                  text73       01557
_MTOUCH_Button_SetPressedCallback                     text72       0155D
_MTOUCH_Button_Tick                                   text23       01719
_MTOUCH_Button_isPressed                              text62       01775
_MTOUCH_Initialize                                    text8        015CE
_MTOUCH_Sensor_Calibrate                              text64       0168F
_MTOUCH_Sensor_Enable                                 text11       016A1
_MTOUCH_Sensor_Initialize                             text10       016D8
_MTOUCH_Sensor_InitializeAll                          text9        01610
_MTOUCH_Sensor_RawSample_Get                          text69       00801
_MTOUCH_Sensor_SampleAll                              text27       01703
_MTOUCH_Sensor_Sampled_ResetAll                       text25       016C5
_MTOUCH_Sensor_Scan_Initialize                        text51       0164C
_MTOUCH_Sensor_isCalibrated                           text55       016ED
_MTOUCH_Sensor_wasSampled                             text54       0161E
_MTOUCH_Service_Mainloop                              text20       017AB
_MTOUCH_Tick                                          text22       0152E
_MTOUCH_needReburst                                   text21       00002
_OPTION_REGbits                                       (abs)        00095
_OSCCON                                               (abs)        00099
_OSCILLATOR_Initialize                                text7        01581
_PIE1bits                                             (abs)        00091
_PIN_MANAGER_Initialize                               text6        017E3
_PIR1bits                                             (abs)        00011
_PIR2bits                                             (abs)        00012
_PR2                                                  (abs)        0001B
_RCREG                                                (abs)        00199
_RCSTA                                                (abs)        0019D
_RCSTAbits                                            (abs)        0019D
_RELAY_PROCESS                                        text88       00B8E
_SPBRGH                                               (abs)        0019C
_SPBRGL                                               (abs)        0019B
_SYSTEM_Initialize                                    text3        016B3
_Sensor_Acq_ExecutePacket                             text37       00065
_Sensor_Acquisition                                   text32       00CD2
_Sensor_DefaultCallback                               text31       01521
_Sensor_RawSample_Update                              text30       00915
_Sensor_Sampled_Reset                                 text26       015AB
_Sensor_Scanfrequency_Evaluation                      text36       00E65
_Sensor_Service                                       text28       00680
_Sensor_autoCalibration                               text45       00715
_Sensor_getScanGroupIndex                             text50       009BD
_Sensor_isActive                                      text44       01602
_Sensor_isCalibrated                                  text42       015C4
_Sensor_isCalibratingAcqTime                          text49       015BB
_Sensor_isEnabled                                     text43       0167E
_Sensor_loadADCSettings                               text41       003E8
_Sensor_loadADCSettings$562                           cstackCOMMON 00076
_Sensor_postAcquisitionProcess                        text33       00B14
_Sensor_setActive                                     text35       01593
_Sensor_setCalibratAcqTime                            text48       0162D
_Sensor_setCalibrated                                 text47       015F4
_Sensor_setInactive                                   text34       0159B
_Sensor_setSampled                                    text29       015A3
_T2CON                                                (abs)        0001C
_T2CONbits                                            (abs)        0001C
_TMR2                                                 (abs)        0001A
_TMR2_Initialize                                      text5        015B3
_TMR2_LoadPeriodRegister                              text40       01552
_TMR2_StartTimer                                      text39       01528
_TMR2_StopTimer                                       text38       0152B
_TRISA                                                (abs)        0008C
_TRISB                                                (abs)        0008D
_TRISC                                                (abs)        0008E
_TXREG                                                (abs)        0019A
_TXSTA                                                (abs)        0019E
_TXSTAbits                                            (abs)        0019E
_WDTCON                                               (abs)        00097
_WDT_Initialize                                       text4        007FC
_WPUA                                                 (abs)        0020C
_WPUB                                                 (abs)        0020D
__CFG_BOREN$NSLEEP                                    (abs)        00000
__CFG_BORV$LO                                         (abs)        00000
__CFG_CLKOUTEN$OFF                                    (abs)        00000
__CFG_CP$OFF                                          (abs)        00000
__CFG_FOSC$INTOSC                                     (abs)        00000
__CFG_LPBOR$OFF                                       (abs)        00000
__CFG_LVP$ON                                          (abs)        00000
__CFG_MCLRE$ON                                        (abs)        00000
__CFG_PWRTE$OFF                                       (abs)        00000
__CFG_STVREN$ON                                       (abs)        00000
__CFG_WDTE$SWDTEN                                     (abs)        00000
__CFG_WRT$OFF                                         (abs)        00000
__Habs1                                               abs1         00000
__Hbank0                                              bank0        00000
__Hbank1                                              bank1        00000
__Hbank10                                             bank10       00000
__Hbank11                                             bank11       00000
__Hbank12                                             bank12       00000
__Hbank13                                             bank13       00000
__Hbank14                                             bank14       00000
__Hbank15                                             bank15       00000
__Hbank16                                             bank16       00000
__Hbank17                                             bank17       00000
__Hbank18                                             bank18       00000
__Hbank19                                             bank19       00000
__Hbank2                                              bank2        00000
__Hbank20                                             bank20       00000
__Hbank21                                             bank21       00000
__Hbank22                                             bank22       00000
__Hbank23                                             bank23       00000
__Hbank24                                             bank24       00000
__Hbank25                                             bank25       00000
__Hbank26                                             bank26       00000
__Hbank27                                             bank27       00000
__Hbank28                                             bank28       00000
__Hbank29                                             bank29       00000
__Hbank3                                              bank3        00000
__Hbank30                                             bank30       00000
__Hbank31                                             bank31       00000
__Hbank4                                              bank4        00000
__Hbank5                                              bank5        00000
__Hbank6                                              bank6        00000
__Hbank7                                              bank7        00000
__Hbank8                                              bank8        00000
__Hbank9                                              bank9        00000
__Hbigram                                             bigram       00000
__HbssBANK0                                           bssBANK0     00000
__HbssBANK1                                           bssBANK1     00000
__HbssBANK2                                           bssBANK2     00000
__HbssBANK3                                           bssBANK3     00000
__HbssCOMMON                                          bssCOMMON    00000
__Hcinit                                              cinit        00065
__Hclrtext                                            clrtext      00000
__Hcode                                               code         00000
__Hcommon                                             common       00000
__Hconfig                                             config       08009
__HcstackBANK0                                        cstackBANK0  00000
__HcstackBANK1                                        cstackBANK1  00000
__HcstackCOMMON                                       cstackCOMMON 00000
__HdataBANK0                                          dataBANK0    00000
__HdataBANK1                                          dataBANK1    00000
__HdataBANK2                                          dataBANK2    00000
__Heeprom_data                                        eeprom_data  00000
__Hend_init                                           end_init     00025
__Hfunctab                                            functab      00000
__HidataBANK0                                         idataBANK0   00000
__HidataBANK1                                         idataBANK1   00000
__HidataBANK2                                         idataBANK2   00000
__Hidloc                                              idloc        00000
__Hinit                                               init         00023
__Hinittext                                           inittext     00000
__Hintentry                                           intentry     00023
__Hmaintext                                           maintext     00000
__HnvBANK1                                            nvBANK1      00000
__Hpowerup                                            powerup      00000
__Hram                                                ram          00000
__Hreset_vec                                          reset_vec    00002
__Hsfr0                                               sfr0         00000
__Hsfr1                                               sfr1         00000
__Hsfr10                                              sfr10        00000
__Hsfr11                                              sfr11        00000
__Hsfr12                                              sfr12        00000
__Hsfr13                                              sfr13        00000
__Hsfr14                                              sfr14        00000
__Hsfr15                                              sfr15        00000
__Hsfr16                                              sfr16        00000
__Hsfr17                                              sfr17        00000
__Hsfr18                                              sfr18        00000
__Hsfr19                                              sfr19        00000
__Hsfr2                                               sfr2         00000
__Hsfr20                                              sfr20        00000
__Hsfr21                                              sfr21        00000
__Hsfr22                                              sfr22        00000
__Hsfr23                                              sfr23        00000
__Hsfr24                                              sfr24        00000
__Hsfr25                                              sfr25        00000
__Hsfr26                                              sfr26        00000
__Hsfr27                                              sfr27        00000
__Hsfr28                                              sfr28        00000
__Hsfr29                                              sfr29        00000
__Hsfr3                                               sfr3         00000
__Hsfr30                                              sfr30        00000
__Hsfr31                                              sfr31        00000
__Hsfr4                                               sfr4         00000
__Hsfr5                                               sfr5         00000
__Hsfr6                                               sfr6         00000
__Hsfr7                                               sfr7         00000
__Hsfr8                                               sfr8         00000
__Hsfr9                                               sfr9         00000
__Hspace_0                                            (abs)        08009
__Hspace_1                                            (abs)        001C0
__Hspace_2                                            (abs)        00000
__Hspace_3                                            (abs)        00000
__Hstack                                              stack        00000
__Hstrings                                            strings      00000
__Hstringtext1                                        stringtext1  00000
__Hstringtext10                                       stringtext10 00000
__Hstringtext11                                       stringtext11 00000
__Hstringtext12                                       stringtext12 00000
__Hstringtext13                                       stringtext13 00000
__Hstringtext14                                       stringtext14 00000
__Hstringtext2                                        stringtext2  00000
__Hstringtext3                                        stringtext3  00000
__Hstringtext4                                        stringtext4  00000
__Hstringtext5                                        stringtext5  00000
__Hstringtext6                                        stringtext6  00000
__Hstringtext7                                        stringtext7  00000
__Hstringtext8                                        stringtext8  00000
__Hstringtext9                                        stringtext9  00000
__Htext                                               text         00000
__Labs1                                               abs1         00000
__Lbank0                                              bank0        00000
__Lbank1                                              bank1        00000
__Lbank10                                             bank10       00000
__Lbank11                                             bank11       00000
__Lbank12                                             bank12       00000
__Lbank13                                             bank13       00000
__Lbank14                                             bank14       00000
__Lbank15                                             bank15       00000
__Lbank16                                             bank16       00000
__Lbank17                                             bank17       00000
__Lbank18                                             bank18       00000
__Lbank19                                             bank19       00000
__Lbank2                                              bank2        00000
__Lbank20                                             bank20       00000
__Lbank21                                             bank21       00000
__Lbank22                                             bank22       00000
__Lbank23                                             bank23       00000
__Lbank24                                             bank24       00000
__Lbank25                                             bank25       00000
__Lbank26                                             bank26       00000
__Lbank27                                             bank27       00000
__Lbank28                                             bank28       00000
__Lbank29                                             bank29       00000
__Lbank3                                              bank3        00000
__Lbank30                                             bank30       00000
__Lbank31                                             bank31       00000
__Lbank4                                              bank4        00000
__Lbank5                                              bank5        00000
__Lbank6                                              bank6        00000
__Lbank7                                              bank7        00000
__Lbank8                                              bank8        00000
__Lbank9                                              bank9        00000
__Lbigram                                             bigram       00000
__LbssBANK0                                           bssBANK0     00000
__LbssBANK1                                           bssBANK1     00000
__LbssBANK2                                           bssBANK2     00000
__LbssBANK3                                           bssBANK3     00000
__LbssCOMMON                                          bssCOMMON    00000
__Lcinit                                              cinit        00025
__Lclrtext                                            clrtext      00000
__Lcode                                               code         00000
__Lcommon                                             common       00000
__Lconfig                                             config       08007
__LcstackBANK0                                        cstackBANK0  00000
__LcstackBANK1                                        cstackBANK1  00000
__LcstackCOMMON                                       cstackCOMMON 00000
__LdataBANK0                                          dataBANK0    00000
__LdataBANK1                                          dataBANK1    00000
__LdataBANK2                                          dataBANK2    00000
__Leeprom_data                                        eeprom_data  00000
__Lend_init                                           end_init     00023
__Lfunctab                                            functab      00000
__LidataBANK0                                         idataBANK0   00000
__LidataBANK1                                         idataBANK1   00000
__LidataBANK2                                         idataBANK2   00000
__Lidloc                                              idloc        00000
__Linit                                               init         00023
__Linittext                                           inittext     00000
__Lintentry                                           intentry     00004
__Lmaintext                                           maintext     00000
__LnvBANK1                                            nvBANK1      00000
__Lpowerup                                            powerup      00000
__Lram                                                ram          00000
__Lreset_vec                                          reset_vec    00000
__Lsfr0                                               sfr0         00000
__Lsfr1                                               sfr1         00000
__Lsfr10                                              sfr10        00000
__Lsfr11                                              sfr11        00000
__Lsfr12                                              sfr12        00000
__Lsfr13                                              sfr13        00000
__Lsfr14                                              sfr14        00000
__Lsfr15                                              sfr15        00000
__Lsfr16                                              sfr16        00000
__Lsfr17                                              sfr17        00000
__Lsfr18                                              sfr18        00000
__Lsfr19                                              sfr19        00000
__Lsfr2                                               sfr2         00000
__Lsfr20                                              sfr20        00000
__Lsfr21                                              sfr21        00000
__Lsfr22                                              sfr22        00000
__Lsfr23                                              sfr23        00000
__Lsfr24                                              sfr24        00000
__Lsfr25                                              sfr25        00000
__Lsfr26                                              sfr26        00000
__Lsfr27                                              sfr27        00000
__Lsfr28                                              sfr28        00000
__Lsfr29                                              sfr29        00000
__Lsfr3                                               sfr3         00000
__Lsfr30                                              sfr30        00000
__Lsfr31                                              sfr31        00000
__Lsfr4                                               sfr4         00000
__Lsfr5                                               sfr5         00000
__Lsfr6                                               sfr6         00000
__Lsfr7                                               sfr7         00000
__Lsfr8                                               sfr8         00000
__Lsfr9                                               sfr9         00000
__Lspace_0                                            (abs)        00000
__Lspace_1                                            (abs)        00000
__Lspace_2                                            (abs)        00000
__Lspace_3                                            (abs)        00000
__Lstack                                              stack        00000
[...]
                  1    wreg      void 
 Registers used:
		None
 Tracked objects:
		On entry : 
		On exit  : 
		Unchanged: 
 Data sizes:     COMMON   BANK0   BANK1   BANK2   BANK3   BANK4   BANK5   BANK6
      Params:         0       0       0       0       0       0       0       0
      Locals:         0       0       0       0       0       0       0       0
      Temps:          0       0       0       0       0       0       0       0
      Totals:         0       0       0       0       0       0       0       0
Total ram usage:        0 bytes
 Hardware stack levels used:    1
 Hardware stack levels required when called:    4
 This function calls:
		Nothing
 This function is called by:
		_LED_PROCESS
 This function uses a non-reentrant model


 *************** function _LED_1_SetHigh *****************
 Defined at:
		line 22 in file "led.c"
 Parameters:    Size  Location     Type
		None
 Auto vars:     Size  Location     Type
		None
 Return value:  Size  Location     Type
                  1    wreg      void 
 Registers used:
		None
 Tracked objects:
		On entry : 
		On exit  : 
		Unchanged: 
 Data sizes:     COMMON   BANK0   BANK1   BANK2   BANK3   BANK4   BANK5   BANK6
      Params:         0       0       0       0       0       0       0       0
      Locals:         0       0       0       0       0       0       0       0
      Temps:          0       0       0       0       0       0       0       0
      Totals:         0       0       0       0       0       0       0       0
Total ram usage:        0 bytes
 Hardware stack levels used:    1
 Hardware stack levels required when called:    4
 This function calls:
		Nothing
 This function is called by:
		_LED_PROCESS
 This function uses a non-reentrant model


 *************** function _LED_0_SetLow *****************
 Defined at:
		line 38 in file "led.c"
 Parameters:    Size  Location     Type
		None
 Auto vars:     Size  Location     Type
		None
 Return value:  Size  Location     Type
                  1    wreg      void 
 Registers used:
		None
 Tracked objects:
		On entry : 
		On exit  : 
		Unchanged: 
 Data sizes:     COMMON   BANK0   BANK1   BANK2   BANK3   BANK4   BANK5   BANK6
      Params:         0       0       0       0       0       0       0       0
      Locals:         0       0       0       0       0       0       0       0
      Temps:          0       0       0       0       0       0       0       0
      Totals:         0       0       0       0       0       0       0       0
Total ram usage:        0 bytes
 Hardware stack levels used:    1
 Hardware stack levels required when called:    4
 This function calls:
		Nothing
 This function is called by:
		_LED_PROCESS
 This function uses a non-reentrant model


 *************** function _LED_0_SetHigh *****************
 Defined at:
		line 33 in file "led.c"
 Parameters:    Size  Location     Type
		None
 Auto vars:     Size  Location     Type
		None
 Return value:  Size  Location     Type
                  1    wreg      void 
 Registers used:
		None
 Tracked objects:
		On entry : 
		On exit  : 
		Unchanged: 
 Data sizes:     COMMON   BANK0   BANK1   BANK2   BANK3   BANK4   BANK5   BANK6
      Params:         0       0       0       0       0       0       0       0
      Locals:         0       0       0       0       0       0       0       0
      Temps:          0       0       0       0       0       0       0       0
      Totals:         0       0       0       0       0       0       0       0
Total ram usage:        0 bytes
 Hardware stack levels used:    1
 Hardware stack levels required when called:    4
 This function calls:
		Nothing
 This function is called by:
		_LED_PROCESS
 This function uses a non-reentrant model


 *************** function _INTERRUPT_InterruptManager *****************
 Defined at:
		line 52 in file "mcc_generated_files/interrupt_manager.c"
 Parameters:    Size  Location     Type
		None
 Auto vars:     Size  Location     Type
		None
 Return value:  Size  Location     Type
                  1    wreg      void 
 Registers used:
		wreg, fsr1l, fsr1h, status,2, status,0, pclath, cstack
 Tracked objects:
		On entry : 
		On exit  : 
		Unchanged: 
 Data sizes:     COMMON   BANK0   BANK1   BANK2   BANK3   BANK4   BANK5   BANK6
      Params:         0       0       0       0       0       0       0       0
      Locals:         0       0       0       0       0       0       0       0
      Temps:          0       0       0       0       0       0       0       0
      Totals:         0       0       0       0       0       0       0       0
Total ram usage:        0 bytes
 Hardware stack levels used:    1
 Hardware stack levels required when called:    3
 This function calls:
		Absolute function
		_EUSART_Receive_ISR
		_EUSART_Transmit_ISR
 This function is called by:
		Interrupt level 1
 This function uses a non-reentrant model


 *************** function _EUSART_Transmit_ISR *****************
 Defined at:
		line 205 in file "mcc_generated_files/eusart.c"
 Parameters:    Size  Location     Type
		None
 Auto vars:     Size  Location     Type
		None
 Return value:  Size  Location     Type
                  1    wreg      void 
 Registers used:
		wreg, fsr1l, fsr1h, status,2, status,0
 Tracked objects:
		On entry : 
		On exit  : 
		Unchanged: 
 Data sizes:     COMMON   BANK0   BANK1   BANK2   BANK3   BANK4   BANK5   BANK6
      Params:         0       0       0       0       0       0       0       0
      Locals:         0       0       0       0       0       0       0       0
      Temps:          1       0       0       0       0       0       0       0
      Totals:         1       0       0       0       0       0       0       0
Total ram usage:        1 bytes
 Hardware stack levels used:    1
 This function calls:
		Nothing
 This function is called by:
		_EUSART_Initialize
		_INTERRUPT_InterruptManager
 This function uses a non-reentrant model


 *************** function _EUSART_Receive_ISR *****************
 Defined at:
		line 224 in file "mcc_generated_files/eusart.c"
 Parameters:    Size  Location     Type
		None
 Auto vars:     Size  Location     Type
		None
 Return value:  Size  Location     Type
                  1    wreg      void 
 Registers used:
		wreg, fsr1l, fsr1h, status,2, status,0, pclath, cstack
 Tracked objects:
		On entry : 
		On exit  : 
		Unchanged: 
 Data sizes:     COMMON   BANK0   BANK1   BANK2   BANK3   BANK4   BANK5   BANK6
      Params:         0       0       0       0       0       0       0       0
      Locals:         0       0       0       0       0       0       0       0
      Temps:          0       0       0       0       0       0       0       0
      Totals:         0       0       0       0       0       0       0       0
Total ram usage:        0 bytes
 Hardware stack levels used:    1
 Hardware stack levels required when called:    2
 This function calls:
		Absolute function
		_EUSART_DefaultErrorHandler
		_EUSART_DefaultFramingErrorHandler
		_EUSART_DefaultOverrunErrorHandler
		_EUSART_RxDataHandler
 This function is called by:
		_EUSART_Initialize
		_INTERRUPT_InterruptManager
 This function uses a non-reentrant model


 *************** function _EUSART_DefaultOverrunErrorHandler *****************
 Defined at:
		line 260 in file "mcc_generated_files/eusart.c"
 Parameters:    Size  Location     Type
		None
 Auto vars:     Size  Location     Type
		None
 Return value:  Size  Location     Type
                  1    wreg      void 
 Registers used:
		None
 Tracked objects:
		On entry : 
		On exit  : 
		Unchanged: 
 Data sizes:     COMMON   BANK0   BANK1   BANK2   BANK3   BANK4   BANK5   BANK6
      Params:         0       0       0       0       0       0       0       0
      Locals:         0       0       0       0       0       0       0       0
      Temps:          0       0       0       0       0       0       0       0
      Totals:         0       0       0       0       0       0       0       0
Total ram usage:        0 bytes
 Hardware stack levels used:    1
 This function calls:
		Nothing
 This function is called by:
		_EUSART_Initialize
		_EUSART_Receive_ISR
 This function uses a non-reentrant model


 *************** function _EUSART_DefaultFramingErrorHandler *****************
 Defined at:
		line 258 in file "mcc_generated_files/eusart.c"
 Parameters:    Size  Location     Type
		None
 Auto vars:     Size  Location     Type
		None
 Return value:  Size  Location     Type
                  1    wreg      void 
 Registers used:
		None
 Tracked objects:
		On entry : 
		On exit  : 
		Unchanged: 
 Data sizes:     COMMON   BANK0   BANK1   BANK2   BANK3   BANK4   BANK5   BANK6
      Params:         0       0       0       0       0       0       0       0
      Locals:         0       0       0       0       0       0       0       0
      Temps:          0       0       0       0       0       0       0       0
      Totals:         0       0       0       0       0       0       0       0
Total ram usage:        0 bytes
 Hardware stack levels used:    1
 This function calls:
		Nothing
 This function is called by:
		_EUSART_Initialize
		_EUSART_Receive_ISR
 This function uses a non-reentrant model


 *************** function _EUSART_DefaultErrorHandler *****************
 Defined at:
		line 268 in file "mcc_generated_files/eusart.c"
 Parameters:    Size  Location     Type
		None
 Auto vars:     Size  Location     Type
		None
 Return value:  Size  Location     Type
                  1    wreg      void 
 Registers used:
		wreg, fsr1l, fsr1h, status,2, status,0, pclath, cstack
 Tracked objects:
		On entry : 
		On exit  : 
		Unchanged: 
 Data sizes:     COMMON   BANK0   BANK1   BANK2   BANK3   BANK4   BANK5   BANK6
      Params:         0       0       0       0       0       0       0       0
      Locals:         0       0       0       0       0       0       0       0
      Temps:          0       0       0       0       0       0       0       0
      Totals:         0       0       0       0       0       0       0       0
Total ram usage:        0 bytes
 Hardware stack levels used:    1
 Hardware stack levels required when called:    1
 This function calls:
		_EUSART_RxDataHandler
 This function is called by:
		_EUSART_Initialize
		_EUSART_Receive_ISR
 This function uses a non-reentrant model


 *************** function _EUSART_RxDataHandler *****************
 Defined at:
		line 248 in file "mcc_generated_files/eusart.c"
 Parameters:    Size  Location     Type
		None
 Auto vars:     Size  Location     Type
		None
 Return value:  Size  Location     Type
                  1    wreg      void 
 Registers used:
		wreg, fsr1l, fsr1h, status,2, status,0
 Tracked objects:
		On entry : 
		On exit  : 
		Unchanged: 
 Data sizes:     COMMON   BANK0   BANK1   BANK2   BANK3   BANK4   BANK5   BANK6
      Params:         0       0       0       0       0       0       0       0
      Locals:         0       0       0       0       0       0       0       0
      Temps:          1       0       0       0       0       0       0       0
      Totals:         1       0       0       0       0       0       0       0
Total ram usage:        1 bytes
 Hardware stack levels used:    1
 This function calls:
		Nothing
 This function is called by:
		_EUSART_Receive_ISR
		_EUSART_DefaultErrorHandler
 This function uses a non-reentrant model



MODULE INFORMATION

Module		Function		Class		Link	Load	Size
mcc_generated_files/mtouch/mtouch_button.c
		_Button_Deviation_Update		CODE           	0EEA	0000	136
		_MTOUCH_Button_SetNotPressedCallback		CODE           	1557	0000	7
		_MTOUCH_Button_isPressed		CODE           	1775	0000	28
		_MTOUCH_Button_Initialize		CODE           	0ADE	0000	55
		_Button_Tick_helper		CODE           	08C7	0000	40
		_MTOUCH_Button_InitializeAll		CODE           	17C7	0000	29
		_Button_Baseline_Update		CODE           	0F71	0000	144
		_Button_State_Pressed		CODE           	0D90	0000	105
		_Button_Reading_Update		CODE           	15E6	0000	15
		_Button_DefaultCallback		CODE           	1520	0000	2
		_MTOUCH_Button_Tick		CODE           	1719	0000	23
		_Button_State_NotPressed		CODE           	0540	0000	165
		_MTOUCH_Button_SetPressedCallback		CODE           	155D	0000	7
		_Button_Reading_Update_Helper		CODE           	0BDB	0000	78
		_Button_Service		CODE           	07A7	0000	86
		_Button_State_Initializing		CODE           	0D2E	0000	99
		_MTOUCH_Button_ServiceAll		CODE           	163C	0000	17
		_Button_Baseline_Initialize		CODE           	09EA	0000	47

mcc_generated_files/mtouch/mtouch_button.c estimated size: 1083

C:\Program Files (x86)\Microchip\xc8\v2.05\pic\sources\c99\common\printf.c
		_printf        		CODE           	165C	0000	18

C:\Program Files (x86)\Microchip\xc8\v2.05\pic\sources\c99\common\printf.c estimated size: 18

relay.c
		_RELAY_PROCESS 		CODE           	0B8E	0000	78

relay.c estimated size: 78

mcc_generated_files/tmr2.c
		_TMR2_LoadPeriodRegister		CODE           	1552	0000	6
		_TMR2_Initialize		CODE           	15B3	0000	9
		_TMR2_StopTimer		CODE           	152B	0000	4
		_TMR2_StartTimer		CODE           	1528	0000	4

mcc_generated_files/tmr2.c estimated size: 23

mcc_generated_files/interrupt_manager.c
		_INTERRUPT_InterruptManager		CODE           	0004	0000	32

mcc_generated_files/interrupt_manager.c estimated size: 32

C:\Program Files (x86)\Microchip\xc8\v2.05\pic\sources\c99\common\nf_fputc.c
		_fputc         		CODE           	0AA9	0000	54

C:\Program Files (x86)\Microchip\xc8\v2.05\pic\sources\c99\common\nf_fputc.c estimated size: 54

mcc_generated_files/mtouch/mtouch.c
		_MTOUCH_Tick   		CODE           	152E	0000	4
		_MTOUCH_Initialize		CODE           	15CE	0000	13
		_MTOUCH_Service_Mainloop		CODE           	17AB	0000	29
		_MTOUCH_needReburst		CODE           	0002	0000	3

mcc_generated_files/mtouch/mtouch.c estimated size: 49

mcc_generated_files/pin_manager.c
		_PIN_MANAGER_Initialize		CODE           	17E3	0000	30

mcc_generated_files/pin_manager.c estimated size: 30

C:\Program Files (x86)\Microchip\xc8\v2.05\pic\sources\c99\common\strlen.c
		_strlen        		CODE           	175D	0000	25

C:\Program Files (x86)\Microchip\xc8\v2.05\pic\sources\c99\common\strlen.c estimated size: 25

C:\Program Files (x86)\Microchip\xc8\v2.05\pic\sources\c99\common\Umul8.c
		___bmul        		CODE           	166D	0000	18

C:\Program Files (x86)\Microchip\xc8\v2.05\pic\sources\c99\common\Umul8.c estimated size: 18

C:\Program Files (x86)\Microchip\xc8\v2.05\pic\sources\c99\common\doprnt.c
		_vfpfcnvrt     		CODE           	0498	0000	169
		_pad           		CODE           	0C28	0000	81
		_ctoa          		CODE           	0A47	0000	49
		_vfprintf      		CODE           	0A18	0000	48

C:\Program Files (x86)\Microchip\xc8\v2.05\pic\sources\c99\common\doprnt.c estimated size: 347

shared
		Sensor_Scanfrequency_Evaluation@frequency_hop		STRCODE        	1809	0000	6
		_sensor_scan_group		STRCODE        	1836	0000	5
		__initialization		CODE           	0025	0000	61
		_mtouch_button_init		STRCODE        	1000	0000	49

shared estimated size: 121

mcc_generated_files/mcc.c
		_WDT_Initialize		CODE           	07FC	0000	5
		_OSCILLATOR_Initialize		CODE           	1581	0000	7
		_SYSTEM_Initialize		CODE           	16B3	0000	19

mcc_generated_files/mcc.c estimated size: 31

C:\Program Files (x86)\Microchip\xc8\v2.05\pic\sources\c99\common\abs.c
		_abs           		CODE           	1746	0000	24

C:\Program Files (x86)\Microchip\xc8\v2.05\pic\sources\c99\common\abs.c estimated size: 24

C:\Program Files (x86)\Microchip\xc8\v2.05\pic\sources\c99\common\nf_fputs.c
		_fputs         		CODE           	087B	0000	39

C:\Program Files (x86)\Microchip\xc8\v2.05\pic\sources\c99\common\nf_fputs.c estimated size: 39

mcc_generated_files/eusart.c
		_EUSART_SetRxInterruptHandler		CODE           	1575	0000	7
		_EUSART_SetTxInterruptHandler		CODE           	157B	0000	7
		_putch         		CODE           	154D	0000	6
		_EUSART_Read   		CODE           	093D	0000	42
		_EUSART_DefaultOverrunErrorHandler		CODE           	1531	0000	5
		_EUSART_Write  		CODE           	0856	0000	38
		_EUSART_DefaultErrorHandler		CODE           	1522	0000	4
		_EUSART_Transmit_ISR		CODE           	0819	0000	31
		_EUSART_Initialize		CODE           	0B4C	0000	67
		_EUSART_SetFramingErrorHandler		CODE           	1569	0000	7
		_EUSART_SetErrorHandler		CODE           	1563	0000	7
		_EUSART_SetOverrunErrorHandler		CODE           	156F	0000	7
		_EUSART_Receive_ISR		CODE           	0A77	0000	51
		_EUSART_RxDataHandler		CODE           	172F	0000	24
		_EUSART_DefaultFramingErrorHandler		CODE           	151F	0000	2
		_EUSART_is_rx_ready		CODE           	1525	0000	4

mcc_generated_files/eusart.c estimated size: 309

C:\Program Files (x86)\Microchip\xc8\v2.05\pic\sources\c99\common\memcpy.c
		_memcpy        		CODE           	0966	0000	44

C:\Program Files (x86)\Microchip\xc8\v2.05\pic\sources\c99\common\memcpy.c estimated size: 44

main.c
		_check_data    		CODE           	0991	0000	45
		_myButtonReleasedCallback		CODE           	0837	0000	32
		_main          		CODE           	0230	0000	441
		_check_message 		CODE           	08EE	0000	40
		_update_state  		CODE           	0C78	0000	91
		_myButtonPressedCallback		CODE           	08A1	0000	39
		_DATA_PROCESS  		CODE           	05E4	0000	157

main.c estimated size: 845

mcc_generated_files/mtouch/mtouch_sensor.c
		_Sensor_setCalibrated		CODE           	15F4	0000	15
		_Sensor_Acq_ExecutePacket		CODE           	0065	0000	460
		_Sensor_getScanGroupIndex		CODE           	09BD	0000	46
		_Sensor_Acquisition		CODE           	0CD2	0000	93
		_Sensor_postAcquisitionProcess		CODE           	0B14	0000	57
		_Sensor_isCalibrated		CODE           	15C4	0000	11
		_MTOUCH_Sensor_Initialize		CODE           	16D8	0000	22
		_Sensor_Sampled_Reset		CODE           	15AB	0000	9
		_MTOUCH_Sensor_InitializeAll		CODE           	1610	0000	15
		_Sensor_DefaultCallback		CODE           	1521	0000	2
		_Sensor_loadADCSettings		CODE           	03E8	0000	177
		_Sensor_isEnabled		CODE           	167E	0000	18
		_MTOUCH_Sensor_isCalibrated		CODE           	16ED	0000	23
		_MTOUCH_Sensor_Calibrate		CODE           	168F	0000	19
		_MTOUCH_Sensor_Sampled_ResetAll		CODE           	16C5	0000	20
		_Sensor_setActive		CODE           	1593	0000	9
		_Sensor_Scanfrequency_Evaluation		CODE           	0E65	0000	134
		_MTOUCH_Sensor_Enable		CODE           	16A1	0000	19
		_Sensor_setSampled		CODE           	15A3	0000	9
		_Sensor_isCalibratingAcqTime		CODE           	15BB	0000	10
		_MTOUCH_Sensor_RawSample_Get		CODE           	0801	0000	25
		_MTOUCH_Sensor_SampleAll		CODE           	1703	0000	23
		_MTOUCH_Sensor_wasSampled		CODE           	161E	0000	16
		_Sensor_Service		CODE           	0680	0000	150
		_Sensor_autoCalibration		CODE           	0715	0000	147
		_MTOUCH_Sensor_Scan_Initialize		CODE           	164C	0000	17
		_Sensor_RawSample_Update		CODE           	0915	0000	41
		_Sensor_isActive		CODE           	1602	0000	15
		_Sensor_setCalibratAcqTime		CODE           	162D	0000	16
		_Sensor_setInactive		CODE           	159B	0000	9

mcc_generated_files/mtouch/mtouch_sensor.c estimated size: 1627

led.c
		_LED_0_SetLow  		CODE           	1539	0000	5
		_LED_0_SetHigh 		CODE           	1535	0000	5
		_LED_1_SetLow  		CODE           	1541	0000	5
		_LED_PROCESS   		CODE           	0DF8	0000	110
		_LED_1_SetHigh 		CODE           	153D	0000	5
		_LED_2_SetLow  		CODE           	1549	0000	5
		_LED_2_SetHigh 		CODE           	1545	0000	5

led.c estimated size: 140

